May 13 03:43:51 ubuntu rsyslogd: [origin software="rsyslogd" swVersion="8.16.0" x-pid="517" x-info="http://www.rsyslog.com"] start
May 13 03:43:51 ubuntu rsyslogd-2222: command 'KLogPermitNonKernelFacility' is currently not permitted - did you already set it via a RainerScript command (v6+ config)? [v8.16.0 try http://www.rsyslog.com/e/2222 ]
May 13 03:43:51 ubuntu rsyslogd: rsyslogd's groupid changed to 108
May 13 03:43:51 ubuntu rsyslogd: rsyslogd's userid changed to 104
May 13 03:43:51 ubuntu rsyslogd-2039: Could not open output pipe '/dev/xconsole':: No such file or directory [v8.16.0 try http://www.rsyslog.com/e/2039 ]
May 13 03:43:51 ubuntu rsyslogd-2007: action 'action 10' suspended, next retry is Fri May 13 03:44:21 2016 [v8.16.0 try http://www.rsyslog.com/e/2007 ]
May 13 03:43:51 ubuntu kernel: [    0.000000] Initializing cgroup subsys cpuset
May 13 03:43:51 ubuntu kernel: [    0.000000] Initializing cgroup subsys cpu
May 13 03:43:51 ubuntu kernel: [    0.000000] Initializing cgroup subsys cpuacct
May 13 03:43:51 ubuntu kernel: [    0.000000] Linux version 4.4.0-21-generic (buildd@lgw01-21) (gcc version 5.3.1 20160413 (Ubuntu 5.3.1-14ubuntu2) ) #37-Ubuntu SMP Mon Apr 18 18:33:37 UTC 2016 (Ubuntu 4.4.0-21.37-generic 4.4.6)
May 13 03:43:51 ubuntu kernel: [    0.000000] Command line: BOOT_IMAGE=/boot/vmlinuz-4.4.0-21-generic root=UUID=e4efdd15-9062-4b88-8143-d2c316b54d07 ro find_preseed=/preseed.cfg noprompt quiet
May 13 03:43:51 ubuntu kernel: [    0.000000] KERNEL supported cpus:
May 13 03:43:51 ubuntu kernel: [    0.000000]   Intel GenuineIntel
May 13 03:43:51 ubuntu kernel: [    0.000000]   AMD AuthenticAMD
May 13 03:43:51 ubuntu kernel: [    0.000000]   Centaur CentaurHauls
May 13 03:43:51 ubuntu kernel: [    0.000000] Disabled fast string operations
May 13 03:43:51 ubuntu kernel: [    0.000000] x86/fpu: xstate_offset[2]:  576, xstate_sizes[2]:  256
May 13 03:43:51 ubuntu kernel: [    0.000000] x86/fpu: Supporting XSAVE feature 0x01: 'x87 floating point registers'
May 13 03:43:51 ubuntu kernel: [    0.000000] x86/fpu: Supporting XSAVE feature 0x02: 'SSE registers'
May 13 03:43:51 ubuntu kernel: [    0.000000] x86/fpu: Supporting XSAVE feature 0x04: 'AVX registers'
May 13 03:43:51 ubuntu kernel: [    0.000000] x86/fpu: Enabled xstate features 0x7, context size is 832 bytes, using 'standard' format.
May 13 03:43:51 ubuntu kernel: [    0.000000] x86/fpu: Using 'eager' FPU context switches.
May 13 03:43:51 ubuntu kernel: [    0.000000] e820: BIOS-provided physical RAM map:
May 13 03:43:51 ubuntu kernel: [    0.000000] BIOS-e820: [mem 0x0000000000000000-0x000000000009e7ff] usable
May 13 03:43:51 ubuntu kernel: [    0.000000] BIOS-e820: [mem 0x000000000009e800-0x000000000009ffff] reserved
May 13 03:43:51 ubuntu kernel: [    0.000000] BIOS-e820: [mem 0x00000000000dc000-0x00000000000fffff] reserved
May 13 03:43:51 ubuntu kernel: [    0.000000] BIOS-e820: [mem 0x0000000000100000-0x000000003fedffff] usable
May 13 03:43:51 ubuntu kernel: [    0.000000] BIOS-e820: [mem 0x000000003fee0000-0x000000003fefefff] ACPI data
May 13 03:43:51 ubuntu kernel: [    0.000000] BIOS-e820: [mem 0x000000003feff000-0x000000003fefffff] ACPI NVS
May 13 03:43:51 ubuntu kernel: [    0.000000] BIOS-e820: [mem 0x000000003ff00000-0x000000003fffffff] usable
May 13 03:43:51 ubuntu kernel: [    0.000000] BIOS-e820: [mem 0x00000000f0000000-0x00000000f7ffffff] reserved
May 13 03:43:51 ubuntu kernel: [    0.000000] BIOS-e820: [mem 0x00000000fec00000-0x00000000fec0ffff] reserved
May 13 03:43:51 ubuntu kernel: [    0.000000] BIOS-e820: [mem 0x00000000fee00000-0x00000000fee00fff] reserved
May 13 03:43:51 ubuntu kernel: [    0.000000] BIOS-e820: [mem 0x00000000fffe0000-0x00000000ffffffff] reserved
May 13 03:43:51 ubuntu kernel: [    0.000000] NX (Execute Disable) protection: active
May 13 03:43:51 ubuntu kernel: [    0.000000] SMBIOS 2.7 present.
May 13 03:43:51 ubuntu kernel: [    0.000000] DMI: VMware, Inc. VMware Virtual Platform/440BX Desktop Reference Platform, BIOS 6.00 07/02/2015
May 13 03:43:51 ubuntu kernel: [    0.000000] Hypervisor detected: VMware
May 13 03:43:51 ubuntu kernel: [    0.000000] e820: update [mem 0x00000000-0x00000fff] usable ==> reserved
May 13 03:43:51 ubuntu kernel: [    0.000000] e820: remove [mem 0x000a0000-0x000fffff] usable
May 13 03:43:51 ubuntu kernel: [    0.000000] e820: last_pfn = 0x40000 max_arch_pfn = 0x400000000
May 13 03:43:51 ubuntu kernel: [    0.000000] MTRR default type: uncachable
May 13 03:43:51 ubuntu kernel: [    0.000000] MTRR fixed ranges enabled:
May 13 03:43:51 ubuntu kernel: [    0.000000]   00000-9FFFF write-back
May 13 03:43:51 ubuntu kernel: [    0.000000]   A0000-BFFFF uncachable
May 13 03:43:51 ubuntu kernel: [    0.000000]   C0000-CFFFF write-protect
May 13 03:43:51 ubuntu kernel: [    0.000000]   D0000-EFFFF uncachable
May 13 03:43:51 ubuntu kernel: [    0.000000]   F0000-FFFFF write-protect
May 13 03:43:51 ubuntu kernel: [    0.000000] MTRR variable ranges enabled:
May 13 03:43:51 ubuntu kernel: [    0.000000]   0 base 000C0000000 mask 3FFC0000000 uncachable
May 13 03:43:51 ubuntu kernel: [    0.000000]   1 base 00000000000 mask 3FF00000000 write-back
May 13 03:43:51 ubuntu kernel: [    0.000000]   2 disabled
May 13 03:43:51 ubuntu kernel: [    0.000000]   3 disabled
May 13 03:43:51 ubuntu kernel: [    0.000000]   4 disabled
May 13 03:43:51 ubuntu kernel: [    0.000000]   5 disabled
May 13 03:43:51 ubuntu kernel: [    0.000000]   6 disabled
May 13 03:43:51 ubuntu kernel: [    0.000000]   7 disabled
May 13 03:43:51 ubuntu kernel: [    0.000000] x86/PAT: Configuration [0-7]: WB  WC  UC- UC  WB  WC  UC- WT  
May 13 03:43:51 ubuntu kernel: [    0.000000] original variable MTRRs
May 13 03:43:51 ubuntu kernel: [    0.000000] reg 0, base: 3GB, range: 1GB, type UC
May 13 03:43:51 ubuntu kernel: [    0.000000] reg 1, base: 0GB, range: 4GB, type WB
May 13 03:43:51 ubuntu kernel: [    0.000000] total RAM covered: 3072M
May 13 03:43:51 ubuntu kernel: [    0.000000] Found optimal setting for mtrr clean up
May 13 03:43:51 ubuntu kernel: [    0.000000]  gran_size: 64K 	chunk_size: 64K 	num_reg: 2  	lose cover RAM: 0G
May 13 03:43:51 ubuntu kernel: [    0.000000] New variable MTRRs
May 13 03:43:51 ubuntu kernel: [    0.000000] reg 0, base: 0GB, range: 2GB, type WB
May 13 03:43:51 ubuntu kernel: [    0.000000] reg 1, base: 2GB, range: 1GB, type WB
May 13 03:43:51 ubuntu kernel: [    0.000000] found SMP MP-table at [mem 0x000f6a80-0x000f6a8f] mapped at [ffff8800000f6a80]
May 13 03:43:51 ubuntu kernel: [    0.000000] Scanning 1 areas for low memory corruption
May 13 03:43:51 ubuntu kernel: [    0.000000] Base memory trampoline at [ffff880000098000] 98000 size 24576
May 13 03:43:51 ubuntu kernel: [    0.000000] Using GB pages for direct mapping
May 13 03:43:51 ubuntu kernel: [    0.000000] BRK [0x021ff000, 0x021fffff] PGTABLE
May 13 03:43:51 ubuntu kernel: [    0.000000] BRK [0x02200000, 0x02200fff] PGTABLE
May 13 03:43:51 ubuntu kernel: [    0.000000] BRK [0x02201000, 0x02201fff] PGTABLE
May 13 03:43:51 ubuntu kernel: [    0.000000] BRK [0x02202000, 0x02202fff] PGTABLE
May 13 03:43:51 ubuntu kernel: [    0.000000] RAMDISK: [mem 0x342fa000-0x36174fff]
May 13 03:43:51 ubuntu kernel: [    0.000000] ACPI: Early table checksum verification disabled
May 13 03:43:51 ubuntu kernel: [    0.000000] ACPI: RSDP 0x00000000000F6A10 000024 (v02 PTLTD )
May 13 03:43:51 ubuntu kernel: [    0.000000] ACPI: XSDT 0x000000003FEEA633 00005C (v01 INTEL  440BX    06040000 VMW  01324272)
May 13 03:43:51 ubuntu kernel: [    0.000000] ACPI: FACP 0x000000003FEFEE73 0000F4 (v04 INTEL  440BX    06040000 PTL  000F4240)
May 13 03:43:51 ubuntu kernel: [    0.000000] ACPI: DSDT 0x000000003FEEC0AF 012DC4 (v01 PTLTD  Custom   06040000 MSFT 03000001)
May 13 03:43:51 ubuntu kernel: [    0.000000] ACPI: FACS 0x000000003FEFFFC0 000040
May 13 03:43:51 ubuntu kernel: [    0.000000] ACPI: FACS 0x000000003FEFFFC0 000040
May 13 03:43:51 ubuntu kernel: [    0.000000] ACPI: BOOT 0x000000003FEEC087 000028 (v01 PTLTD  $SBFTBL$ 06040000  LTP 00000001)
May 13 03:43:51 ubuntu kernel: [    0.000000] ACPI: APIC 0x000000003FEEB8BD 000742 (v01 PTLTD  ? APIC   06040000  LTP 00000000)
May 13 03:43:51 ubuntu kernel: [    0.000000] ACPI: MCFG 0x000000003FEEB881 00003C (v01 PTLTD  $PCITBL$ 06040000  LTP 00000001)
May 13 03:43:51 ubuntu kernel: [    0.000000] ACPI: SRAT 0x000000003FEEA72F 0008D0 (v02 VMWARE MEMPLUG  06040000 VMW  00000001)
May 13 03:43:51 ubuntu kernel: [    0.000000] ACPI: HPET 0x000000003FEEA6F7 000038 (v01 VMWARE VMW HPET 06040000 VMW  00000001)
May 13 03:43:51 ubuntu kernel: [    0.000000] ACPI: WAET 0x000000003FEEA6CF 000028 (v01 VMWARE VMW WAET 06040000 VMW  00000001)
May 13 03:43:51 ubuntu kernel: [    0.000000] ACPI: Local APIC address 0xfee00000
May 13 03:43:51 ubuntu kernel: [    0.000000] system APIC only can use physical flat
May 13 03:43:51 ubuntu kernel: [    0.000000] Setting APIC routing to physical flat.
May 13 03:43:51 ubuntu kernel: [    0.000000] SRAT: PXM 0 -> APIC 0x00 -> Node 0
May 13 03:43:51 ubuntu kernel: [    0.000000] SRAT: PXM 0 -> APIC 0x02 -> Node 0
May 13 03:43:51 ubuntu kernel: [    0.000000] SRAT: PXM 0 -> APIC 0x04 -> Node 0
May 13 03:43:51 ubuntu kernel: [    0.000000] SRAT: PXM 0 -> APIC 0x06 -> Node 0
May 13 03:43:51 ubuntu kernel: [    0.000000] SRAT: PXM 0 -> APIC 0x08 -> Node 0
May 13 03:43:51 ubuntu kernel: [    0.000000] SRAT: PXM 0 -> APIC 0x0a -> Node 0
May 13 03:43:51 ubuntu kernel: [    0.000000] SRAT: PXM 0 -> APIC 0x0c -> Node 0
May 13 03:43:51 ubuntu kernel: [    0.000000] SRAT: PXM 0 -> APIC 0x0e -> Node 0
May 13 03:43:51 ubuntu kernel: [    0.000000] SRAT: PXM 0 -> APIC 0x10 -> Node 0
May 13 03:43:51 ubuntu kernel: [    0.000000] SRAT: PXM 0 -> APIC 0x12 -> Node 0
May 13 03:43:51 ubuntu kernel: [    0.000000] SRAT: PXM 0 -> APIC 0x14 -> Node 0
May 13 03:43:51 ubuntu kernel: [    0.000000] SRAT: PXM 0 -> APIC 0x16 -> Node 0
May 13 03:43:51 ubuntu kernel: [    0.000000] SRAT: PXM 0 -> APIC 0x18 -> Node 0
May 13 03:43:51 ubuntu kernel: [    0.000000] SRAT: PXM 0 -> APIC 0x1a -> Node 0
May 13 03:43:51 ubuntu kernel: [    0.000000] SRAT: PXM 0 -> APIC 0x1c -> Node 0
May 13 03:43:51 ubuntu kernel: [    0.000000] SRAT: PXM 0 -> APIC 0x1e -> Node 0
May 13 03:43:51 ubuntu kernel: [    0.000000] SRAT: PXM 0 -> APIC 0x20 -> Node 0
May 13 03:43:51 ubuntu kernel: [    0.000000] SRAT: PXM 0 -> APIC 0x22 -> Node 0
May 13 03:43:51 ubuntu kernel: [    0.000000] SRAT: PXM 0 -> APIC 0x24 -> Node 0
May 13 03:43:51 ubuntu kernel: [    0.000000] SRAT: PXM 0 -> APIC 0x26 -> Node 0
May 13 03:43:51 ubuntu kernel: [    0.000000] SRAT: PXM 0 -> APIC 0x28 -> Node 0
May 13 03:43:51 ubuntu kernel: [    0.000000] SRAT: PXM 0 -> APIC 0x2a -> Node 0
May 13 03:43:51 ubuntu kernel: [    0.000000] SRAT: PXM 0 -> APIC 0x2c -> Node 0
May 13 03:43:51 ubuntu kernel: [    0.000000] SRAT: PXM 0 -> APIC 0x2e -> Node 0
May 13 03:43:51 ubuntu kernel: [    0.000000] SRAT: PXM 0 -> APIC 0x30 -> Node 0
May 13 03:43:51 ubuntu kernel: [    0.000000] SRAT: PXM 0 -> APIC 0x32 -> Node 0
May 13 03:43:51 ubuntu kernel: [    0.000000] SRAT: PXM 0 -> APIC 0x34 -> Node 0
May 13 03:43:51 ubuntu kernel: [    0.000000] SRAT: PXM 0 -> APIC 0x36 -> Node 0
May 13 03:43:51 ubuntu kernel: [    0.000000] SRAT: PXM 0 -> APIC 0x38 -> Node 0
May 13 03:43:51 ubuntu kernel: [    0.000000] SRAT: PXM 0 -> APIC 0x3a -> Node 0
May 13 03:43:51 ubuntu kernel: [    0.000000] SRAT: PXM 0 -> APIC 0x3c -> Node 0
May 13 03:43:51 ubuntu kernel: [    0.000000] SRAT: PXM 0 -> APIC 0x3e -> Node 0
May 13 03:43:51 ubuntu kernel: [    0.000000] SRAT: PXM 0 -> APIC 0x40 -> Node 0
May 13 03:43:51 ubuntu kernel: [    0.000000] SRAT: PXM 0 -> APIC 0x42 -> Node 0
May 13 03:43:51 ubuntu kernel: [    0.000000] SRAT: PXM 0 -> APIC 0x44 -> Node 0
May 13 03:43:51 ubuntu kernel: [    0.000000] SRAT: PXM 0 -> APIC 0x46 -> Node 0
May 13 03:43:51 ubuntu kernel: [    0.000000] SRAT: PXM 0 -> APIC 0x48 -> Node 0
May 13 03:43:51 ubuntu kernel: [    0.000000] SRAT: PXM 0 -> APIC 0x4a -> Node 0
May 13 03:43:51 ubuntu kernel: [    0.000000] SRAT: PXM 0 -> APIC 0x4c -> Node 0
May 13 03:43:51 ubuntu kernel: [    0.000000] SRAT: PXM 0 -> APIC 0x4e -> Node 0
May 13 03:43:51 ubuntu kernel: [    0.000000] SRAT: PXM 0 -> APIC 0x50 -> Node 0
May 13 03:43:51 ubuntu kernel: [    0.000000] SRAT: PXM 0 -> APIC 0x52 -> Node 0
May 13 03:43:51 ubuntu kernel: [    0.000000] SRAT: PXM 0 -> APIC 0x54 -> Node 0
May 13 03:43:51 ubuntu kernel: [    0.000000] SRAT: PXM 0 -> APIC 0x56 -> Node 0
May 13 03:43:51 ubuntu kernel: [    0.000000] SRAT: PXM 0 -> APIC 0x58 -> Node 0
May 13 03:43:51 ubuntu kernel: [    0.000000] SRAT: PXM 0 -> APIC 0x5a -> Node 0
May 13 03:43:51 ubuntu kernel: [    0.000000] SRAT: PXM 0 -> APIC 0x5c -> Node 0
May 13 03:43:51 ubuntu kernel: [    0.000000] SRAT: PXM 0 -> APIC 0x5e -> Node 0
May 13 03:43:51 ubuntu kernel: [    0.000000] SRAT: PXM 0 -> APIC 0x60 -> Node 0
May 13 03:43:51 ubuntu kernel: [    0.000000] SRAT: PXM 0 -> APIC 0x62 -> Node 0
May 13 03:43:51 ubuntu kernel: [    0.000000] SRAT: PXM 0 -> APIC 0x64 -> Node 0
May 13 03:43:51 ubuntu kernel: [    0.000000] SRAT: PXM 0 -> APIC 0x66 -> Node 0
May 13 03:43:51 ubuntu kernel: [    0.000000] SRAT: PXM 0 -> APIC 0x68 -> Node 0
May 13 03:43:51 ubuntu kernel: [    0.000000] SRAT: PXM 0 -> APIC 0x6a -> Node 0
May 13 03:43:51 ubuntu kernel: [    0.000000] SRAT: PXM 0 -> APIC 0x6c -> Node 0
May 13 03:43:51 ubuntu kernel: [    0.000000] SRAT: PXM 0 -> APIC 0x6e -> Node 0
May 13 03:43:51 ubuntu kernel: [    0.000000] SRAT: PXM 0 -> APIC 0x70 -> Node 0
May 13 03:43:51 ubuntu kernel: [    0.000000] SRAT: PXM 0 -> APIC 0x72 -> Node 0
May 13 03:43:51 ubuntu kernel: [    0.000000] SRAT: PXM 0 -> APIC 0x74 -> Node 0
May 13 03:43:51 ubuntu kernel: [    0.000000] SRAT: PXM 0 -> APIC 0x76 -> Node 0
May 13 03:43:51 ubuntu kernel: [    0.000000] SRAT: PXM 0 -> APIC 0x78 -> Node 0
May 13 03:43:51 ubuntu kernel: [    0.000000] SRAT: PXM 0 -> APIC 0x7a -> Node 0
May 13 03:43:51 ubuntu kernel: [    0.000000] SRAT: PXM 0 -> APIC 0x7c -> Node 0
May 13 03:43:51 ubuntu kernel: [    0.000000] SRAT: PXM 0 -> APIC 0x7e -> Node 0
May 13 03:43:51 ubuntu kernel: [    0.000000] SRAT: PXM 0 -> APIC 0x80 -> Node 0
May 13 03:43:51 ubuntu kernel: [    0.000000] SRAT: PXM 0 -> APIC 0x82 -> Node 0
May 13 03:43:51 ubuntu kernel: [    0.000000] SRAT: PXM 0 -> APIC 0x84 -> Node 0
May 13 03:43:51 ubuntu kernel: [    0.000000] SRAT: PXM 0 -> APIC 0x86 -> Node 0
May 13 03:43:51 ubuntu kernel: [    0.000000] SRAT: PXM 0 -> APIC 0x88 -> Node 0
May 13 03:43:51 ubuntu kernel: [    0.000000] SRAT: PXM 0 -> APIC 0x8a -> Node 0
May 13 03:43:51 ubuntu kernel: [    0.000000] SRAT: PXM 0 -> APIC 0x8c -> Node 0
May 13 03:43:51 ubuntu kernel: [    0.000000] SRAT: PXM 0 -> APIC 0x8e -> Node 0
May 13 03:43:51 ubuntu kernel: [    0.000000] SRAT: PXM 0 -> APIC 0x90 -> Node 0
May 13 03:43:51 ubuntu kernel: [    0.000000] SRAT: PXM 0 -> APIC 0x92 -> Node 0
May 13 03:43:51 ubuntu kernel: [    0.000000] SRAT: PXM 0 -> APIC 0x94 -> Node 0
May 13 03:43:51 ubuntu kernel: [    0.000000] SRAT: PXM 0 -> APIC 0x96 -> Node 0
May 13 03:43:51 ubuntu kernel: [    0.000000] SRAT: PXM 0 -> APIC 0x98 -> Node 0
May 13 03:43:51 ubuntu kernel: [    0.000000] SRAT: PXM 0 -> APIC 0x9a -> Node 0
May 13 03:43:51 ubuntu kernel: [    0.000000] SRAT: PXM 0 -> APIC 0x9c -> Node 0
May 13 03:43:51 ubuntu kernel: [    0.000000] SRAT: PXM 0 -> APIC 0x9e -> Node 0
May 13 03:43:51 ubuntu kernel: [    0.000000] SRAT: PXM 0 -> APIC 0xa0 -> Node 0
May 13 03:43:51 ubuntu kernel: [    0.000000] SRAT: PXM 0 -> APIC 0xa2 -> Node 0
May 13 03:43:51 ubuntu kernel: [    0.000000] SRAT: PXM 0 -> APIC 0xa4 -> Node 0
May 13 03:43:51 ubuntu kernel: [    0.000000] SRAT: PXM 0 -> APIC 0xa6 -> Node 0
May 13 03:43:51 ubuntu kernel: [    0.000000] SRAT: PXM 0 -> APIC 0xa8 -> Node 0
May 13 03:43:51 ubuntu kernel: [    0.000000] SRAT: PXM 0 -> APIC 0xaa -> Node 0
May 13 03:43:51 ubuntu kernel: [    0.000000] SRAT: PXM 0 -> APIC 0xac -> Node 0
May 13 03:43:51 ubuntu kernel: [    0.000000] SRAT: PXM 0 -> APIC 0xae -> Node 0
May 13 03:43:51 ubuntu kernel: [    0.000000] SRAT: PXM 0 -> APIC 0xb0 -> Node 0
May 13 03:43:51 ubuntu kernel: [    0.000000] SRAT: PXM 0 -> APIC 0xb2 -> Node 0
May 13 03:43:51 ubuntu kernel: [    0.000000] SRAT: PXM 0 -> APIC 0xb4 -> Node 0
May 13 03:43:51 ubuntu kernel: [    0.000000] SRAT: PXM 0 -> APIC 0xb6 -> Node 0
May 13 03:43:51 ubuntu kernel: [    0.000000] SRAT: PXM 0 -> APIC 0xb8 -> Node 0
May 13 03:43:51 ubuntu kernel: [    0.000000] SRAT: PXM 0 -> APIC 0xba -> Node 0
May 13 03:43:51 ubuntu kernel: [    0.000000] SRAT: PXM 0 -> APIC 0xbc -> Node 0
May 13 03:43:51 ubuntu kernel: [    0.000000] SRAT: PXM 0 -> APIC 0xbe -> Node 0
May 13 03:43:51 ubuntu kernel: [    0.000000] SRAT: PXM 0 -> APIC 0xc0 -> Node 0
May 13 03:43:51 ubuntu kernel: [    0.000000] SRAT: PXM 0 -> APIC 0xc2 -> Node 0
May 13 03:43:51 ubuntu kernel: [    0.000000] SRAT: PXM 0 -> APIC 0xc4 -> Node 0
May 13 03:43:51 ubuntu kernel: [    0.000000] SRAT: PXM 0 -> APIC 0xc6 -> Node 0
May 13 03:43:51 ubuntu kernel: [    0.000000] SRAT: PXM 0 -> APIC 0xc8 -> Node 0
May 13 03:43:51 ubuntu kernel: [    0.000000] SRAT: PXM 0 -> APIC 0xca -> Node 0
May 13 03:43:51 ubuntu kernel: [    0.000000] SRAT: PXM 0 -> APIC 0xcc -> Node 0
May 13 03:43:51 ubuntu kernel: [    0.000000] SRAT: PXM 0 -> APIC 0xce -> Node 0
May 13 03:43:51 ubuntu kernel: [    0.000000] SRAT: PXM 0 -> APIC 0xd0 -> Node 0
May 13 03:43:51 ubuntu kernel: [    0.000000] SRAT: PXM 0 -> APIC 0xd2 -> Node 0
May 13 03:43:51 ubuntu kernel: [    0.000000] SRAT: PXM 0 -> APIC 0xd4 -> Node 0
May 13 03:43:51 ubuntu kernel: [    0.000000] SRAT: PXM 0 -> APIC 0xd6 -> Node 0
May 13 03:43:51 ubuntu kernel: [    0.000000] SRAT: PXM 0 -> APIC 0xd8 -> Node 0
May 13 03:43:51 ubuntu kernel: [    0.000000] SRAT: PXM 0 -> APIC 0xda -> Node 0
May 13 03:43:51 ubuntu kernel: [    0.000000] SRAT: PXM 0 -> APIC 0xdc -> Node 0
May 13 03:43:51 ubuntu kernel: [    0.000000] SRAT: PXM 0 -> APIC 0xde -> Node 0
May 13 03:43:51 ubuntu kernel: [    0.000000] SRAT: PXM 0 -> APIC 0xe0 -> Node 0
May 13 03:43:51 ubuntu kernel: [    0.000000] SRAT: PXM 0 -> APIC 0xe2 -> Node 0
May 13 03:43:51 ubuntu kernel: [    0.000000] SRAT: PXM 0 -> APIC 0xe4 -> Node 0
May 13 03:43:51 ubuntu kernel: [    0.000000] SRAT: PXM 0 -> APIC 0xe6 -> Node 0
May 13 03:43:51 ubuntu kernel: [    0.000000] SRAT: PXM 0 -> APIC 0xe8 -> Node 0
May 13 03:43:51 ubuntu kernel: [    0.000000] SRAT: PXM 0 -> APIC 0xea -> Node 0
May 13 03:43:51 ubuntu kernel: [    0.000000] SRAT: PXM 0 -> APIC 0xec -> Node 0
May 13 03:43:51 ubuntu kernel: [    0.000000] SRAT: PXM 0 -> APIC 0xee -> Node 0
May 13 03:43:51 ubuntu kernel: [    0.000000] SRAT: PXM 0 -> APIC 0xf0 -> Node 0
May 13 03:43:51 ubuntu kernel: [    0.000000] SRAT: PXM 0 -> APIC 0xf2 -> Node 0
May 13 03:43:51 ubuntu kernel: [    0.000000] SRAT: PXM 0 -> APIC 0xf4 -> Node 0
May 13 03:43:51 ubuntu kernel: [    0.000000] SRAT: PXM 0 -> APIC 0xf6 -> Node 0
May 13 03:43:51 ubuntu kernel: [    0.000000] SRAT: PXM 0 -> APIC 0xf8 -> Node 0
May 13 03:43:51 ubuntu kernel: [    0.000000] SRAT: PXM 0 -> APIC 0xfa -> Node 0
May 13 03:43:51 ubuntu kernel: [    0.000000] SRAT: PXM 0 -> APIC 0xfc -> Node 0
May 13 03:43:51 ubuntu kernel: [    0.000000] SRAT: PXM 0 -> APIC 0xfe -> Node 0
May 13 03:43:51 ubuntu kernel: [    0.000000] SRAT: Node 0 PXM 0 [mem 0x00000000-0x0009ffff]
May 13 03:43:51 ubuntu kernel: [    0.000000] SRAT: Node 0 PXM 0 [mem 0x00100000-0x0fffffff]
May 13 03:43:51 ubuntu kernel: [    0.000000] SRAT: Node 0 PXM 0 [mem 0x10000000-0x3fffffff]
May 13 03:43:51 ubuntu kernel: [    0.000000] SRAT: Node 0 PXM 0 [mem 0x40000000-0xbfffffff] hotplug
May 13 03:43:51 ubuntu kernel: [    0.000000] NUMA: Node 0 [mem 0x00000000-0x0009ffff] + [mem 0x00100000-0x0fffffff] -> [mem 0x00000000-0x0fffffff]
May 13 03:43:51 ubuntu kernel: [    0.000000] NUMA: Node 0 [mem 0x00000000-0x0fffffff] + [mem 0x10000000-0x3fffffff] -> [mem 0x00000000-0x3fffffff]
May 13 03:43:51 ubuntu kernel: [    0.000000] NODE_DATA(0) allocated [mem 0x3fffb000-0x3fffffff]
May 13 03:43:51 ubuntu kernel: [    0.000000] Zone ranges:
May 13 03:43:51 ubuntu kernel: [    0.000000]   DMA      [mem 0x0000000000001000-0x0000000000ffffff]
May 13 03:43:51 ubuntu kernel: [    0.000000]   DMA32    [mem 0x0000000001000000-0x000000003fffffff]
May 13 03:43:51 ubuntu kernel: [    0.000000]   Normal   empty
May 13 03:43:51 ubuntu kernel: [    0.000000]   Device   empty
May 13 03:43:51 ubuntu kernel: [    0.000000] Movable zone start for each node
May 13 03:43:51 ubuntu kernel: [    0.000000] Early memory node ranges
May 13 03:43:51 ubuntu kernel: [    0.000000]   node   0: [mem 0x0000000000001000-0x000000000009dfff]
May 13 03:43:51 ubuntu kernel: [    0.000000]   node   0: [mem 0x0000000000100000-0x000000003fedffff]
May 13 03:43:51 ubuntu kernel: [    0.000000]   node   0: [mem 0x000000003ff00000-0x000000003fffffff]
May 13 03:43:51 ubuntu kernel: [    0.000000] Initmem setup node 0 [mem 0x0000000000001000-0x000000003fffffff]
May 13 03:43:51 ubuntu kernel: [    0.000000] On node 0 totalpages: 262013
May 13 03:43:51 ubuntu kernel: [    0.000000]   DMA zone: 64 pages used for memmap
May 13 03:43:51 ubuntu kernel: [    0.000000]   DMA zone: 21 pages reserved
May 13 03:43:51 ubuntu kernel: [    0.000000]   DMA zone: 3997 pages, LIFO batch:0
May 13 03:43:51 ubuntu kernel: [    0.000000]   DMA32 zone: 4032 pages used for memmap
May 13 03:43:51 ubuntu kernel: [    0.000000]   DMA32 zone: 258016 pages, LIFO batch:31
May 13 03:43:51 ubuntu kernel: [    0.000000] ACPI: PM-Timer IO Port: 0x1008
May 13 03:43:51 ubuntu kernel: [    0.000000] ACPI: Local APIC address 0xfee00000
May 13 03:43:51 ubuntu kernel: [    0.000000] system APIC only can use physical flat
May 13 03:43:51 ubuntu kernel: [    0.000000] ACPI: LAPIC_NMI (acpi_id[0x00] high edge lint[0x1])
May 13 03:43:51 ubuntu kernel: [    0.000000] ACPI: LAPIC_NMI (acpi_id[0x01] high edge lint[0x1])
May 13 03:43:51 ubuntu kernel: [    0.000000] ACPI: LAPIC_NMI (acpi_id[0x02] high edge lint[0x1])
May 13 03:43:51 ubuntu kernel: [    0.000000] ACPI: LAPIC_NMI (acpi_id[0x03] high edge lint[0x1])
May 13 03:43:51 ubuntu kernel: [    0.000000] ACPI: LAPIC_NMI (acpi_id[0x04] high edge lint[0x1])
May 13 03:43:51 ubuntu kernel: [    0.000000] ACPI: LAPIC_NMI (acpi_id[0x05] high edge lint[0x1])
May 13 03:43:51 ubuntu kernel: [    0.000000] ACPI: LAPIC_NMI (acpi_id[0x06] high edge lint[0x1])
May 13 03:43:51 ubuntu kernel: [    0.000000] ACPI: LAPIC_NMI (acpi_id[0x07] high edge lint[0x1])
May 13 03:43:51 ubuntu kernel: [    0.000000] ACPI: LAPIC_NMI (acpi_id[0x08] high edge lint[0x1])
May 13 03:43:51 ubuntu kernel: [    0.000000] ACPI: LAPIC_NMI (acpi_id[0x09] high edge lint[0x1])
May 13 03:43:51 ubuntu kernel: [    0.000000] ACPI: LAPIC_NMI (acpi_id[0x0a] high edge lint[0x1])
May 13 03:43:51 ubuntu kernel: [    0.000000] ACPI: LAPIC_NMI (acpi_id[0x0b] high edge lint[0x1])
May 13 03:43:51 ubuntu kernel: [    0.000000] ACPI: LAPIC_NMI (acpi_id[0x0c] high edge lint[0x1])
May 13 03:43:51 ubuntu kernel: [    0.000000] ACPI: LAPIC_NMI (acpi_id[0x0d] high edge lint[0x1])
May 13 03:43:51 ubuntu kernel: [    0.000000] ACPI: LAPIC_NMI (acpi_id[0x0e] high edge lint[0x1])
May 13 03:43:51 ubuntu kernel: [    0.000000] ACPI: LAPIC_NMI (acpi_id[0x0f] high edge lint[0x1])
May 13 03:43:51 ubuntu kernel: [    0.000000] ACPI: LAPIC_NMI (acpi_id[0x10] high edge lint[0x1])
May 13 03:43:51 ubuntu kernel: [    0.000000] ACPI: LAPIC_NMI (acpi_id[0x11] high edge lint[0x1])
May 13 03:43:51 ubuntu kernel: [    0.000000] ACPI: LAPIC_NMI (acpi_id[0x12] high edge lint[0x1])
May 13 03:43:51 ubuntu kernel: [    0.000000] ACPI: LAPIC_NMI (acpi_id[0x13] high edge lint[0x1])
May 13 03:43:51 ubuntu kernel: [    0.000000] ACPI: LAPIC_NMI (acpi_id[0x14] high edge lint[0x1])
May 13 03:43:51 ubuntu kernel: [    0.000000] ACPI: LAPIC_NMI (acpi_id[0x15] high edge lint[0x1])
May 13 03:43:51 ubuntu kernel: [    0.000000] ACPI: LAPIC_NMI (acpi_id[0x16] high edge lint[0x1])
May 13 03:43:51 ubuntu kernel: [    0.000000] ACPI: LAPIC_NMI (acpi_id[0x17] high edge lint[0x1])
May 13 03:43:51 ubuntu kernel: [    0.000000] ACPI: LAPIC_NMI (acpi_id[0x18] high edge lint[0x1])
May 13 03:43:51 ubuntu kernel: [    0.000000] ACPI: LAPIC_NMI (acpi_id[0x19] high edge lint[0x1])
May 13 03:43:51 ubuntu kernel: [    0.000000] ACPI: LAPIC_NMI (acpi_id[0x1a] high edge lint[0x1])
May 13 03:43:51 ubuntu kernel: [    0.000000] ACPI: LAPIC_NMI (acpi_id[0x1b] high edge lint[0x1])
May 13 03:43:51 ubuntu kernel: [    0.000000] ACPI: LAPIC_NMI (acpi_id[0x1c] high edge lint[0x1])
May 13 03:43:51 ubuntu kernel: [    0.000000] ACPI: LAPIC_NMI (acpi_id[0x1d] high edge lint[0x1])
May 13 03:43:51 ubuntu kernel: [    0.000000] ACPI: LAPIC_NMI (acpi_id[0x1e] high edge lint[0x1])
May 13 03:43:51 ubuntu kernel: [    0.000000] ACPI: LAPIC_NMI (acpi_id[0x1f] high edge lint[0x1])
May 13 03:43:51 ubuntu kernel: [    0.000000] ACPI: LAPIC_NMI (acpi_id[0x20] high edge lint[0x1])
May 13 03:43:51 ubuntu kernel: [    0.000000] ACPI: LAPIC_NMI (acpi_id[0x21] high edge lint[0x1])
May 13 03:43:51 ubuntu kernel: [    0.000000] ACPI: LAPIC_NMI (acpi_id[0x22] high edge lint[0x1])
May 13 03:43:51 ubuntu kernel: [    0.000000] ACPI: LAPIC_NMI (acpi_id[0x23] high edge lint[0x1])
May 13 03:43:51 ubuntu kernel: [    0.000000] ACPI: LAPIC_NMI (acpi_id[0x24] high edge lint[0x1])
May 13 03:43:51 ubuntu kernel: [    0.000000] ACPI: LAPIC_NMI (acpi_id[0x25] high edge lint[0x1])
May 13 03:43:51 ubuntu kernel: [    0.000000] ACPI: LAPIC_NMI (acpi_id[0x26] high edge lint[0x1])
May 13 03:43:51 ubuntu kernel: [    0.000000] ACPI: LAPIC_NMI (acpi_id[0x27] high edge lint[0x1])
May 13 03:43:51 ubuntu kernel: [    0.000000] ACPI: LAPIC_NMI (acpi_id[0x28] high edge lint[0x1])
May 13 03:43:51 ubuntu kernel: [    0.000000] ACPI: LAPIC_NMI (acpi_id[0x29] high edge lint[0x1])
May 13 03:43:51 ubuntu kernel: [    0.000000] ACPI: LAPIC_NMI (acpi_id[0x2a] high edge lint[0x1])
May 13 03:43:51 ubuntu kernel: [    0.000000] ACPI: LAPIC_NMI (acpi_id[0x2b] high edge lint[0x1])
May 13 03:43:51 ubuntu kernel: [    0.000000] ACPI: LAPIC_NMI (acpi_id[0x2c] high edge lint[0x1])
May 13 03:43:51 ubuntu kernel: [    0.000000] ACPI: LAPIC_NMI (acpi_id[0x2d] high edge lint[0x1])
May 13 03:43:51 ubuntu kernel: [    0.000000] ACPI: LAPIC_NMI (acpi_id[0x2e] high edge lint[0x1])
May 13 03:43:51 ubuntu kernel: [    0.000000] ACPI: LAPIC_NMI (acpi_id[0x2f] high edge lint[0x1])
May 13 03:43:51 ubuntu kernel: [    0.000000] ACPI: LAPIC_NMI (acpi_id[0x30] high edge lint[0x1])
May 13 03:43:51 ubuntu kernel: [    0.000000] ACPI: LAPIC_NMI (acpi_id[0x31] high edge lint[0x1])
May 13 03:43:51 ubuntu kernel: [    0.000000] ACPI: LAPIC_NMI (acpi_id[0x32] high edge lint[0x1])
May 13 03:43:51 ubuntu kernel: [    0.000000] ACPI: LAPIC_NMI (acpi_id[0x33] high edge lint[0x1])
May 13 03:43:51 ubuntu kernel: [    0.000000] ACPI: LAPIC_NMI (acpi_id[0x34] high edge lint[0x1])
May 13 03:43:51 ubuntu kernel: [    0.000000] ACPI: LAPIC_NMI (acpi_id[0x35] high edge lint[0x1])
May 13 03:43:51 ubuntu kernel: [    0.000000] ACPI: LAPIC_NMI (acpi_id[0x36] high edge lint[0x1])
May 13 03:43:51 ubuntu kernel: [    0.000000] ACPI: LAPIC_NMI (acpi_id[0x37] high edge lint[0x1])
May 13 03:43:51 ubuntu kernel: [    0.000000] ACPI: LAPIC_NMI (acpi_id[0x38] high edge lint[0x1])
May 13 03:43:51 ubuntu kernel: [    0.000000] ACPI: LAPIC_NMI (acpi_id[0x39] high edge lint[0x1])
May 13 03:43:51 ubuntu kernel: [    0.000000] ACPI: LAPIC_NMI (acpi_id[0x3a] high edge lint[0x1])
May 13 03:43:51 ubuntu kernel: [    0.000000] ACPI: LAPIC_NMI (acpi_id[0x3b] high edge lint[0x1])
May 13 03:43:51 ubuntu kernel: [    0.000000] ACPI: LAPIC_NMI (acpi_id[0x3c] high edge lint[0x1])
May 13 03:43:51 ubuntu kernel: [    0.000000] ACPI: LAPIC_NMI (acpi_id[0x3d] high edge lint[0x1])
May 13 03:43:51 ubuntu kernel: [    0.000000] ACPI: LAPIC_NMI (acpi_id[0x3e] high edge lint[0x1])
May 13 03:43:51 ubuntu kernel: [    0.000000] ACPI: LAPIC_NMI (acpi_id[0x3f] high edge lint[0x1])
May 13 03:43:51 ubuntu kernel: [    0.000000] ACPI: LAPIC_NMI (acpi_id[0x40] high edge lint[0x1])
May 13 03:43:51 ubuntu kernel: [    0.000000] ACPI: LAPIC_NMI (acpi_id[0x41] high edge lint[0x1])
May 13 03:43:51 ubuntu kernel: [    0.000000] ACPI: LAPIC_NMI (acpi_id[0x42] high edge lint[0x1])
May 13 03:43:51 ubuntu kernel: [    0.000000] ACPI: LAPIC_NMI (acpi_id[0x43] high edge lint[0x1])
May 13 03:43:51 ubuntu kernel: [    0.000000] ACPI: LAPIC_NMI (acpi_id[0x44] high edge lint[0x1])
May 13 03:43:51 ubuntu kernel: [    0.000000] ACPI: LAPIC_NMI (acpi_id[0x45] high edge lint[0x1])
May 13 03:43:51 ubuntu kernel: [    0.000000] ACPI: LAPIC_NMI (acpi_id[0x46] high edge lint[0x1])
May 13 03:43:51 ubuntu kernel: [    0.000000] ACPI: LAPIC_NMI (acpi_id[0x47] high edge lint[0x1])
May 13 03:43:51 ubuntu kernel: [    0.000000] ACPI: LAPIC_NMI (acpi_id[0x48] high edge lint[0x1])
May 13 03:43:51 ubuntu kernel: [    0.000000] ACPI: LAPIC_NMI (acpi_id[0x49] high edge lint[0x1])
May 13 03:43:51 ubuntu kernel: [    0.000000] ACPI: LAPIC_NMI (acpi_id[0x4a] high edge lint[0x1])
May 13 03:43:51 ubuntu kernel: [    0.000000] ACPI: LAPIC_NMI (acpi_id[0x4b] high edge lint[0x1])
May 13 03:43:51 ubuntu kernel: [    0.000000] ACPI: LAPIC_NMI (acpi_id[0x4c] high edge lint[0x1])
May 13 03:43:51 ubuntu kernel: [    0.000000] ACPI: LAPIC_NMI (acpi_id[0x4d] high edge lint[0x1])
May 13 03:43:51 ubuntu kernel: [    0.000000] ACPI: LAPIC_NMI (acpi_id[0x4e] high edge lint[0x1])
May 13 03:43:51 ubuntu kernel: [    0.000000] ACPI: LAPIC_NMI (acpi_id[0x4f] high edge lint[0x1])
May 13 03:43:51 ubuntu kernel: [    0.000000] ACPI: LAPIC_NMI (acpi_id[0x50] high edge lint[0x1])
May 13 03:43:51 ubuntu kernel: [    0.000000] ACPI: LAPIC_NMI (acpi_id[0x51] high edge lint[0x1])
May 13 03:43:51 ubuntu kernel: [    0.000000] ACPI: LAPIC_NMI (acpi_id[0x52] high edge lint[0x1])
May 13 03:43:51 ubuntu kernel: [    0.000000] ACPI: LAPIC_NMI (acpi_id[0x53] high edge lint[0x1])
May 13 03:43:51 ubuntu kernel: [    0.000000] ACPI: LAPIC_NMI (acpi_id[0x54] high edge lint[0x1])
May 13 03:43:51 ubuntu kernel: [    0.000000] ACPI: LAPIC_NMI (acpi_id[0x55] high edge lint[0x1])
May 13 03:43:51 ubuntu kernel: [    0.000000] ACPI: LAPIC_NMI (acpi_id[0x56] high edge lint[0x1])
May 13 03:43:51 ubuntu kernel: [    0.000000] ACPI: LAPIC_NMI (acpi_id[0x57] high edge lint[0x1])
May 13 03:43:51 ubuntu kernel: [    0.000000] ACPI: LAPIC_NMI (acpi_id[0x58] high edge lint[0x1])
May 13 03:43:51 ubuntu kernel: [    0.000000] ACPI: LAPIC_NMI (acpi_id[0x59] high edge lint[0x1])
May 13 03:43:51 ubuntu kernel: [    0.000000] ACPI: LAPIC_NMI (acpi_id[0x5a] high edge lint[0x1])
May 13 03:43:51 ubuntu kernel: [    0.000000] ACPI: LAPIC_NMI (acpi_id[0x5b] high edge lint[0x1])
May 13 03:43:51 ubuntu kernel: [    0.000000] ACPI: LAPIC_NMI (acpi_id[0x5c] high edge lint[0x1])
May 13 03:43:51 ubuntu kernel: [    0.000000] ACPI: LAPIC_NMI (acpi_id[0x5d] high edge lint[0x1])
May 13 03:43:51 ubuntu kernel: [    0.000000] ACPI: LAPIC_NMI (acpi_id[0x5e] high edge lint[0x1])
May 13 03:43:51 ubuntu kernel: [    0.000000] ACPI: LAPIC_NMI (acpi_id[0x5f] high edge lint[0x1])
May 13 03:43:51 ubuntu kernel: [    0.000000] ACPI: LAPIC_NMI (acpi_id[0x60] high edge lint[0x1])
May 13 03:43:51 ubuntu kernel: [    0.000000] ACPI: LAPIC_NMI (acpi_id[0x61] high edge lint[0x1])
May 13 03:43:51 ubuntu kernel: [    0.000000] ACPI: LAPIC_NMI (acpi_id[0x62] high edge lint[0x1])
May 13 03:43:51 ubuntu kernel: [    0.000000] ACPI: LAPIC_NMI (acpi_id[0x63] high edge lint[0x1])
May 13 03:43:51 ubuntu kernel: [    0.000000] ACPI: LAPIC_NMI (acpi_id[0x64] high edge lint[0x1])
May 13 03:43:51 ubuntu kernel: [    0.000000] ACPI: LAPIC_NMI (acpi_id[0x65] high edge lint[0x1])
May 13 03:43:51 ubuntu kernel: [    0.000000] ACPI: LAPIC_NMI (acpi_id[0x66] high edge lint[0x1])
May 13 03:43:51 ubuntu kernel: [    0.000000] ACPI: LAPIC_NMI (acpi_id[0x67] high edge lint[0x1])
May 13 03:43:51 ubuntu kernel: [    0.000000] ACPI: LAPIC_NMI (acpi_id[0x68] high edge lint[0x1])
May 13 03:43:51 ubuntu kernel: [    0.000000] ACPI: LAPIC_NMI (acpi_id[0x69] high edge lint[0x1])
May 13 03:43:51 ubuntu kernel: [    0.000000] ACPI: LAPIC_NMI (acpi_id[0x6a] high edge lint[0x1])
May 13 03:43:51 ubuntu kernel: [    0.000000] ACPI: LAPIC_NMI (acpi_id[0x6b] high edge lint[0x1])
May 13 03:43:51 ubuntu kernel: [    0.000000] ACPI: LAPIC_NMI (acpi_id[0x6c] high edge lint[0x1])
May 13 03:43:51 ubuntu kernel: [    0.000000] ACPI: LAPIC_NMI (acpi_id[0x6d] high edge lint[0x1])
May 13 03:43:51 ubuntu kernel: [    0.000000] ACPI: LAPIC_NMI (acpi_id[0x6e] high edge lint[0x1])
May 13 03:43:51 ubuntu kernel: [    0.000000] ACPI: LAPIC_NMI (acpi_id[0x6f] high edge lint[0x1])
May 13 03:43:51 ubuntu kernel: [    0.000000] ACPI: LAPIC_NMI (acpi_id[0x70] high edge lint[0x1])
May 13 03:43:51 ubuntu kernel: [    0.000000] ACPI: LAPIC_NMI (acpi_id[0x71] high edge lint[0x1])
May 13 03:43:51 ubuntu kernel: [    0.000000] ACPI: LAPIC_NMI (acpi_id[0x72] high edge lint[0x1])
May 13 03:43:51 ubuntu kernel: [    0.000000] ACPI: LAPIC_NMI (acpi_id[0x73] high edge lint[0x1])
May 13 03:43:51 ubuntu kernel: [    0.000000] ACPI: LAPIC_NMI (acpi_id[0x74] high edge lint[0x1])
May 13 03:43:51 ubuntu kernel: [    0.000000] ACPI: LAPIC_NMI (acpi_id[0x75] high edge lint[0x1])
May 13 03:43:51 ubuntu kernel: [    0.000000] ACPI: LAPIC_NMI (acpi_id[0x76] high edge lint[0x1])
May 13 03:43:51 ubuntu kernel: [    0.000000] ACPI: LAPIC_NMI (acpi_id[0x77] high edge lint[0x1])
May 13 03:43:51 ubuntu kernel: [    0.000000] ACPI: LAPIC_NMI (acpi_id[0x78] high edge lint[0x1])
May 13 03:43:51 ubuntu kernel: [    0.000000] ACPI: LAPIC_NMI (acpi_id[0x79] high edge lint[0x1])
May 13 03:43:51 ubuntu kernel: [    0.000000] ACPI: LAPIC_NMI (acpi_id[0x7a] high edge lint[0x1])
May 13 03:43:51 ubuntu kernel: [    0.000000] ACPI: LAPIC_NMI (acpi_id[0x7b] high edge lint[0x1])
May 13 03:43:51 ubuntu kernel: [    0.000000] ACPI: LAPIC_NMI (acpi_id[0x7c] high edge lint[0x1])
May 13 03:43:51 ubuntu kernel: [    0.000000] ACPI: LAPIC_NMI (acpi_id[0x7d] high edge lint[0x1])
May 13 03:43:51 ubuntu kernel: [    0.000000] ACPI: LAPIC_NMI (acpi_id[0x7e] high edge lint[0x1])
May 13 03:43:51 ubuntu kernel: [    0.000000] ACPI: LAPIC_NMI (acpi_id[0x7f] high edge lint[0x1])
May 13 03:43:51 ubuntu kernel: [    0.000000] IOAPIC[0]: apic_id 1, version 17, address 0xfec00000, GSI 0-23
May 13 03:43:51 ubuntu kernel: [    0.000000] ACPI: INT_SRC_OVR (bus 0 bus_irq 0 global_irq 2 high edge)
May 13 03:43:51 ubuntu kernel: [    0.000000] ACPI: IRQ0 used by override.
May 13 03:43:51 ubuntu kernel: [    0.000000] ACPI: IRQ9 used by override.
May 13 03:43:51 ubuntu kernel: [    0.000000] Using ACPI (MADT) for SMP configuration information
May 13 03:43:51 ubuntu kernel: [    0.000000] ACPI: HPET id: 0x8086af01 base: 0xfed00000
May 13 03:43:51 ubuntu kernel: [    0.000000] smpboot: Allowing 128 CPUs, 127 hotplug CPUs
May 13 03:43:51 ubuntu kernel: [    0.000000] PM: Registered nosave memory: [mem 0x00000000-0x00000fff]
May 13 03:43:51 ubuntu kernel: [    0.000000] PM: Registered nosave memory: [mem 0x0009e000-0x0009efff]
May 13 03:43:51 ubuntu kernel: [    0.000000] PM: Registered nosave memory: [mem 0x0009f000-0x0009ffff]
May 13 03:43:51 ubuntu kernel: [    0.000000] PM: Registered nosave memory: [mem 0x000a0000-0x000dbfff]
May 13 03:43:51 ubuntu kernel: [    0.000000] PM: Registered nosave memory: [mem 0x000dc000-0x000fffff]
May 13 03:43:51 ubuntu kernel: [    0.000000] PM: Registered nosave memory: [mem 0x3fee0000-0x3fefefff]
May 13 03:43:51 ubuntu kernel: [    0.000000] PM: Registered nosave memory: [mem 0x3feff000-0x3fefffff]
May 13 03:43:51 ubuntu kernel: [    0.000000] e820: [mem 0x40000000-0xefffffff] available for PCI devices
May 13 03:43:51 ubuntu kernel: [    0.000000] Booting paravirtualized kernel on bare hardware
May 13 03:43:51 ubuntu kernel: [    0.000000] clocksource: refined-jiffies: mask: 0xffffffff max_cycles: 0xffffffff, max_idle_ns: 7645519600211568 ns
May 13 03:43:51 ubuntu kernel: [    0.000000] setup_percpu: NR_CPUS:256 nr_cpumask_bits:256 nr_cpu_ids:128 nr_node_ids:1
May 13 03:43:51 ubuntu kernel: [    0.000000] PERCPU: Embedded 33 pages/cpu @ffff88003c600000 s98008 r8192 d28968 u262144
May 13 03:43:51 ubuntu kernel: [    0.000000] pcpu-alloc: s98008 r8192 d28968 u262144 alloc=1*2097152
May 13 03:43:51 ubuntu kernel: [    0.000000] pcpu-alloc: [0] 000 001 002 003 004 005 006 007 
May 13 03:43:51 ubuntu kernel: [    0.000000] pcpu-alloc: [0] 008 009 010 011 012 013 014 015 
May 13 03:43:51 ubuntu kernel: [    0.000000] pcpu-alloc: [0] 016 017 018 019 020 021 022 023 
May 13 03:43:51 ubuntu kernel: [    0.000000] pcpu-alloc: [0] 024 025 026 027 028 029 030 031 
May 13 03:43:51 ubuntu kernel: [    0.000000] pcpu-alloc: [0] 032 033 034 035 036 037 038 039 
May 13 03:43:51 ubuntu kernel: [    0.000000] pcpu-alloc: [0] 040 041 042 043 044 045 046 047 
May 13 03:43:51 ubuntu kernel: [    0.000000] pcpu-alloc: [0] 048 049 050 051 052 053 054 055 
May 13 03:43:51 ubuntu kernel: [    0.000000] pcpu-alloc: [0] 056 057 058 059 060 061 062 063 
May 13 03:43:51 ubuntu kernel: [    0.000000] pcpu-alloc: [0] 064 065 066 067 068 069 070 071 
May 13 03:43:51 ubuntu kernel: [    0.000000] pcpu-alloc: [0] 072 073 074 075 076 077 078 079 
May 13 03:43:51 ubuntu kernel: [    0.000000] pcpu-alloc: [0] 080 081 082 083 084 085 086 087 
May 13 03:43:51 ubuntu kernel: [    0.000000] pcpu-alloc: [0] 088 089 090 091 092 093 094 095 
May 13 03:43:51 ubuntu kernel: [    0.000000] pcpu-alloc: [0] 096 097 098 099 100 101 102 103 
May 13 03:43:51 ubuntu kernel: [    0.000000] pcpu-alloc: [0] 104 105 106 107 108 109 110 111 
May 13 03:43:51 ubuntu kernel: [    0.000000] pcpu-alloc: [0] 112 113 114 115 116 117 118 119 
May 13 03:43:51 ubuntu kernel: [    0.000000] pcpu-alloc: [0] 120 121 122 123 124 125 126 127 
May 13 03:43:51 ubuntu kernel: [    0.000000] Built 1 zonelists in Node order, mobility grouping on.  Total pages: 257896
May 13 03:43:51 ubuntu kernel: [    0.000000] Policy zone: DMA32
May 13 03:43:51 ubuntu kernel: [    0.000000] Kernel command line: BOOT_IMAGE=/boot/vmlinuz-4.4.0-21-generic root=UUID=e4efdd15-9062-4b88-8143-d2c316b54d07 ro find_preseed=/preseed.cfg noprompt quiet
May 13 03:43:51 ubuntu kernel: [    0.000000] log_buf_len individual max cpu contribution: 4096 bytes
May 13 03:43:51 ubuntu kernel: [    0.000000] log_buf_len total cpu_extra contributions: 520192 bytes
May 13 03:43:51 ubuntu kernel: [    0.000000] log_buf_len min size: 262144 bytes
May 13 03:43:51 ubuntu kernel: [    0.000000] log_buf_len: 1048576 bytes
May 13 03:43:51 ubuntu kernel: [    0.000000] early log buf free: 236492(90%)
May 13 03:43:51 ubuntu kernel: [    0.000000] PID hash table entries: 4096 (order: 3, 32768 bytes)
May 13 03:43:51 ubuntu kernel: [    0.000000] Calgary: detecting Calgary via BIOS EBDA area
May 13 03:43:51 ubuntu kernel: [    0.000000] Calgary: Unable to locate Rio Grande table in EBDA - bailing!
May 13 03:43:51 ubuntu kernel: [    0.000000] Memory: 963732K/1048052K available (8356K kernel code, 1278K rwdata, 3920K rodata, 1476K init, 1292K bss, 84320K reserved, 0K cma-reserved)
May 13 03:43:51 ubuntu kernel: [    0.000000] SLUB: HWalign=64, Order=0-3, MinObjects=0, CPUs=128, Nodes=1
May 13 03:43:51 ubuntu kernel: [    0.000000] Hierarchical RCU implementation.
May 13 03:43:51 ubuntu kernel: [    0.000000] 	Build-time adjustment of leaf fanout to 64.
May 13 03:43:51 ubuntu kernel: [    0.000000] 	RCU restricting CPUs from NR_CPUS=256 to nr_cpu_ids=128.
May 13 03:43:51 ubuntu kernel: [    0.000000] RCU: Adjusting geometry for rcu_fanout_leaf=64, nr_cpu_ids=128
May 13 03:43:51 ubuntu kernel: [    0.000000] NR_IRQS:16640 nr_irqs:1448 16
May 13 03:43:51 ubuntu kernel: [    0.000000] Console: colour VGA+ 80x25
May 13 03:43:51 ubuntu kernel: [    0.000000] console [tty0] enabled
May 13 03:43:51 ubuntu kernel: [    0.000000] clocksource: hpet: mask: 0xffffffff max_cycles: 0xffffffff, max_idle_ns: 133484882848 ns
May 13 03:43:51 ubuntu kernel: [    0.000000] hpet clockevent registered
May 13 03:43:51 ubuntu kernel: [    0.000000] TSC freq read from hypervisor : 3100.096 MHz
May 13 03:43:51 ubuntu kernel: [    0.000000] tsc: Detected 3100.096 MHz processor
May 13 03:43:51 ubuntu kernel: [    0.000154] Calibrating delay loop (skipped) preset value.. 6200.19 BogoMIPS (lpj=12400384)
May 13 03:43:51 ubuntu kernel: [    0.000158] pid_max: default: 131072 minimum: 1024
May 13 03:43:51 ubuntu kernel: [    0.000177] ACPI: Core revision 20150930
May 13 03:43:51 ubuntu kernel: [    0.013217] ACPI: 1 ACPI AML tables successfully acquired and loaded
May 13 03:43:51 ubuntu kernel: [    0.013283] Security Framework initialized
May 13 03:43:51 ubuntu kernel: [    0.013284] Yama: becoming mindful.
May 13 03:43:51 ubuntu kernel: [    0.013351] AppArmor: AppArmor initialized
May 13 03:43:51 ubuntu kernel: [    0.013427] Dentry cache hash table entries: 131072 (order: 8, 1048576 bytes)
May 13 03:43:51 ubuntu kernel: [    0.013604] Inode-cache hash table entries: 65536 (order: 7, 524288 bytes)
May 13 03:43:51 ubuntu kernel: [    0.013768] Mount-cache hash table entries: 2048 (order: 2, 16384 bytes)
May 13 03:43:51 ubuntu kernel: [    0.013770] Mountpoint-cache hash table entries: 2048 (order: 2, 16384 bytes)
May 13 03:43:51 ubuntu kernel: [    0.014047] Initializing cgroup subsys io
May 13 03:43:51 ubuntu kernel: [    0.014051] Initializing cgroup subsys memory
May 13 03:43:51 ubuntu kernel: [    0.014066] Initializing cgroup subsys devices
May 13 03:43:51 ubuntu kernel: [    0.014068] Initializing cgroup subsys freezer
May 13 03:43:51 ubuntu kernel: [    0.014070] Initializing cgroup subsys net_cls
May 13 03:43:51 ubuntu kernel: [    0.014073] Initializing cgroup subsys perf_event
May 13 03:43:51 ubuntu kernel: [    0.014077] Initializing cgroup subsys net_prio
May 13 03:43:51 ubuntu kernel: [    0.014078] Initializing cgroup subsys hugetlb
May 13 03:43:51 ubuntu kernel: [    0.014087] Initializing cgroup subsys pids
May 13 03:43:51 ubuntu kernel: [    0.014150] Disabled fast string operations
May 13 03:43:51 ubuntu kernel: [    0.014153] CPU: Physical Processor ID: 0
May 13 03:43:51 ubuntu kernel: [    0.014160] ENERGY_PERF_BIAS: Set to 'normal', was 'performance'
May 13 03:43:51 ubuntu kernel: [    0.014161] ENERGY_PERF_BIAS: View and update with x86_energy_perf_policy(8)
May 13 03:43:51 ubuntu kernel: [    0.015079] mce: CPU supports 0 MCE banks
May 13 03:43:51 ubuntu kernel: [    0.015116] Last level iTLB entries: 4KB 64, 2MB 8, 4MB 8
May 13 03:43:51 ubuntu kernel: [    0.015118] Last level dTLB entries: 4KB 64, 2MB 0, 4MB 0, 1GB 4
May 13 03:43:51 ubuntu kernel: [    0.032247] ftrace: allocating 31878 entries in 125 pages
May 13 03:43:51 ubuntu kernel: [    0.054179] smpboot: Max logical packages: 128
May 13 03:43:51 ubuntu kernel: [    0.054183] smpboot: APIC(0) Converting physical 0 to logical package 0
May 13 03:43:51 ubuntu kernel: [    0.054895] x2apic enabled
May 13 03:43:51 ubuntu kernel: [    0.054962] Switched APIC routing to physical x2apic.
May 13 03:43:51 ubuntu kernel: [    0.055347] ..TIMER: vector=0x30 apic1=0 pin1=2 apic2=-1 pin2=-1
May 13 03:43:51 ubuntu kernel: [    0.095100] TSC deadline timer enabled
May 13 03:43:51 ubuntu kernel: [    0.095113] smpboot: CPU0: Intel(R) Core(TM) i7-5557U CPU @ 3.10GHz (family: 0x6, model: 0x3d, stepping: 0x4)
May 13 03:43:51 ubuntu kernel: [    0.095131] Performance Events: 16-deep LBR, Broadwell events, core PMU driver.
May 13 03:43:51 ubuntu kernel: [    0.095153] core: CPUID marked event: 'cpu cycles' unavailable
May 13 03:43:51 ubuntu kernel: [    0.095154] core: CPUID marked event: 'instructions' unavailable
May 13 03:43:51 ubuntu kernel: [    0.095154] core: CPUID marked event: 'bus cycles' unavailable
May 13 03:43:51 ubuntu kernel: [    0.095155] core: CPUID marked event: 'cache references' unavailable
May 13 03:43:51 ubuntu kernel: [    0.095155] core: CPUID marked event: 'cache misses' unavailable
May 13 03:43:51 ubuntu kernel: [    0.095156] core: CPUID marked event: 'branch instructions' unavailable
May 13 03:43:51 ubuntu kernel: [    0.095156] core: CPUID marked event: 'branch misses' unavailable
May 13 03:43:51 ubuntu kernel: [    0.095159] ... version:                1
May 13 03:43:51 ubuntu kernel: [    0.095159] ... bit width:              48
May 13 03:43:51 ubuntu kernel: [    0.095159] ... generic registers:      4
May 13 03:43:51 ubuntu kernel: [    0.095160] ... value mask:             0000ffffffffffff
May 13 03:43:51 ubuntu kernel: [    0.095161] ... max period:             000000007fffffff
May 13 03:43:51 ubuntu kernel: [    0.095161] ... fixed-purpose events:   0
May 13 03:43:51 ubuntu kernel: [    0.095161] ... event mask:             000000000000000f
May 13 03:43:51 ubuntu kernel: [    0.096493] x86: Booted up 1 node, 1 CPUs
May 13 03:43:51 ubuntu kernel: [    0.096496] smpboot: Total of 1 processors activated (6200.19 BogoMIPS)
May 13 03:43:51 ubuntu kernel: [    0.096802] NMI watchdog: disabled (cpu0): hardware events not enabled
May 13 03:43:51 ubuntu kernel: [    0.096804] NMI watchdog: Shutting down hard lockup detector on all cpus
May 13 03:43:51 ubuntu kernel: [    0.096884] devtmpfs: initialized
May 13 03:43:51 ubuntu kernel: [    0.097976] evm: security.selinux
May 13 03:43:51 ubuntu kernel: [    0.097977] evm: security.SMACK64
May 13 03:43:51 ubuntu kernel: [    0.097977] evm: security.SMACK64EXEC
May 13 03:43:51 ubuntu kernel: [    0.097978] evm: security.SMACK64TRANSMUTE
May 13 03:43:51 ubuntu kernel: [    0.097978] evm: security.SMACK64MMAP
May 13 03:43:51 ubuntu kernel: [    0.097979] evm: security.ima
May 13 03:43:51 ubuntu kernel: [    0.097979] evm: security.capability
May 13 03:43:51 ubuntu kernel: [    0.098024] PM: Registering ACPI NVS region [mem 0x3feff000-0x3fefffff] (4096 bytes)
May 13 03:43:51 ubuntu kernel: [    0.098088] clocksource: jiffies: mask: 0xffffffff max_cycles: 0xffffffff, max_idle_ns: 7645041785100000 ns
May 13 03:43:51 ubuntu kernel: [    0.098279] pinctrl core: initialized pinctrl subsystem
May 13 03:43:51 ubuntu kernel: [    0.098487] RTC time: 10:43:47, date: 05/13/16
May 13 03:43:51 ubuntu kernel: [    0.098617] NET: Registered protocol family 16
May 13 03:43:51 ubuntu kernel: [    0.098733] cpuidle: using governor ladder
May 13 03:43:51 ubuntu kernel: [    0.098735] cpuidle: using governor menu
May 13 03:43:51 ubuntu kernel: [    0.098737] PCCT header not found.
May 13 03:43:51 ubuntu kernel: [    0.098758] Simple Boot Flag at 0x36 set to 0x80
May 13 03:43:51 ubuntu kernel: [    0.098799] ACPI: bus type PCI registered
May 13 03:43:51 ubuntu kernel: [    0.098801] acpiphp: ACPI Hot Plug PCI Controller Driver version: 0.5
May 13 03:43:51 ubuntu kernel: [    0.098988] PCI: MMCONFIG for domain 0000 [bus 00-7f] at [mem 0xf0000000-0xf7ffffff] (base 0xf0000000)
May 13 03:43:51 ubuntu kernel: [    0.098990] PCI: MMCONFIG at [mem 0xf0000000-0xf7ffffff] reserved in E820
May 13 03:43:51 ubuntu kernel: [    0.098993] PCI: Using configuration type 1 for base access
May 13 03:43:51 ubuntu kernel: [    0.100072] ACPI: Added _OSI(Module Device)
May 13 03:43:51 ubuntu kernel: [    0.100074] ACPI: Added _OSI(Processor Device)
May 13 03:43:51 ubuntu kernel: [    0.100074] ACPI: Added _OSI(3.0 _SCP Extensions)
May 13 03:43:51 ubuntu kernel: [    0.100075] ACPI: Added _OSI(Processor Aggregator Device)
May 13 03:43:51 ubuntu kernel: [    0.106202] [Firmware Bug]: ACPI: BIOS _OSI(Linux) query ignored
May 13 03:43:51 ubuntu kernel: [    0.117056] ACPI: Interpreter enabled
May 13 03:43:51 ubuntu kernel: [    0.117063] ACPI Exception: AE_NOT_FOUND, While evaluating Sleep State [\_S2_] (20150930/hwxface-580)
May 13 03:43:51 ubuntu kernel: [    0.117065] ACPI Exception: AE_NOT_FOUND, While evaluating Sleep State [\_S3_] (20150930/hwxface-580)
May 13 03:43:51 ubuntu kernel: [    0.117070] ACPI: (supports S0 S1 S4 S5)
May 13 03:43:51 ubuntu kernel: [    0.117071] ACPI: Using IOAPIC for interrupt routing
May 13 03:43:51 ubuntu kernel: [    0.117092] PCI: Using host bridge windows from ACPI; if necessary, use "pci=nocrs" and report a bug
May 13 03:43:51 ubuntu kernel: [    0.171471] ACPI: PCI Root Bridge [PCI0] (domain 0000 [bus 00-7f])
May 13 03:43:51 ubuntu kernel: [    0.171478] acpi PNP0A03:00: _OSC: OS supports [ExtendedConfig ASPM ClockPM Segments MSI]
May 13 03:43:51 ubuntu kernel: [    0.171621] acpi PNP0A03:00: _OSC: platform does not support [AER]
May 13 03:43:51 ubuntu kernel: [    0.171738] acpi PNP0A03:00: _OSC: OS now controls [PCIeHotplug PME PCIeCapability]
May 13 03:43:51 ubuntu kernel: [    0.173201] PCI host bridge to bus 0000:00
May 13 03:43:51 ubuntu kernel: [    0.173204] pci_bus 0000:00: root bus resource [mem 0x000a0000-0x000bffff window]
May 13 03:43:51 ubuntu kernel: [    0.173205] pci_bus 0000:00: root bus resource [mem 0x000d0000-0x000d3fff window]
May 13 03:43:51 ubuntu kernel: [    0.173206] pci_bus 0000:00: root bus resource [mem 0x000d4000-0x000d7fff window]
May 13 03:43:51 ubuntu kernel: [    0.173206] pci_bus 0000:00: root bus resource [mem 0x000d8000-0x000dbfff window]
May 13 03:43:51 ubuntu kernel: [    0.173207] pci_bus 0000:00: root bus resource [mem 0xc0000000-0xfebfffff window]
May 13 03:43:51 ubuntu kernel: [    0.173208] pci_bus 0000:00: root bus resource [io  0x0000-0x0cf7 window]
May 13 03:43:51 ubuntu kernel: [    0.173209] pci_bus 0000:00: root bus resource [io  0x0d00-0xfeff window]
May 13 03:43:51 ubuntu kernel: [    0.173210] pci_bus 0000:00: root bus resource [bus 00-7f]
May 13 03:43:51 ubuntu kernel: [    0.173271] pci 0000:00:00.0: [8086:7190] type 00 class 0x060000
May 13 03:43:51 ubuntu kernel: [    0.173796] pci 0000:00:01.0: [8086:7191] type 01 class 0x060400
May 13 03:43:51 ubuntu kernel: [    0.174241] pci 0000:00:07.0: [8086:7110] type 00 class 0x060100
May 13 03:43:51 ubuntu kernel: [    0.174873] pci 0000:00:07.1: [8086:7111] type 00 class 0x01018a
May 13 03:43:51 ubuntu kernel: [    0.176842] pci 0000:00:07.1: reg 0x20: [io  0x1060-0x106f]
May 13 03:43:51 ubuntu kernel: [    0.177797] pci 0000:00:07.1: legacy IDE quirk: reg 0x10: [io  0x01f0-0x01f7]
May 13 03:43:51 ubuntu kernel: [    0.177799] pci 0000:00:07.1: legacy IDE quirk: reg 0x14: [io  0x03f6]
May 13 03:43:51 ubuntu kernel: [    0.177801] pci 0000:00:07.1: legacy IDE quirk: reg 0x18: [io  0x0170-0x0177]
May 13 03:43:51 ubuntu kernel: [    0.177802] pci 0000:00:07.1: legacy IDE quirk: reg 0x1c: [io  0x0376]
May 13 03:43:51 ubuntu kernel: [    0.178135] pci 0000:00:07.3: [8086:7113] type 00 class 0x068000
May 13 03:43:51 ubuntu kernel: [    0.179964] pci 0000:00:07.3: quirk: [io  0x1000-0x103f] claimed by PIIX4 ACPI
May 13 03:43:51 ubuntu kernel: [    0.179976] pci 0000:00:07.3: quirk: [io  0x1040-0x104f] claimed by PIIX4 SMB
May 13 03:43:51 ubuntu kernel: [    0.180252] pci 0000:00:07.7: [15ad:0740] type 00 class 0x088000
May 13 03:43:51 ubuntu kernel: [    0.180918] pci 0000:00:07.7: reg 0x10: [io  0x1080-0x10bf]
May 13 03:43:51 ubuntu kernel: [    0.181437] pci 0000:00:07.7: reg 0x14: [mem 0xfebfe000-0xfebfffff 64bit]
May 13 03:43:51 ubuntu kernel: [    0.183734] pci 0000:00:0f.0: [15ad:0405] type 00 class 0x030000
May 13 03:43:51 ubuntu kernel: [    0.185226] pci 0000:00:0f.0: reg 0x10: [io  0x1070-0x107f]
May 13 03:43:51 ubuntu kernel: [    0.186530] pci 0000:00:0f.0: reg 0x14: [mem 0xe8000000-0xefffffff pref]
May 13 03:43:51 ubuntu kernel: [    0.187821] pci 0000:00:0f.0: reg 0x18: [mem 0xfe000000-0xfe7fffff]
May 13 03:43:51 ubuntu kernel: [    0.192862] pci 0000:00:0f.0: reg 0x30: [mem 0x00000000-0x00007fff pref]
May 13 03:43:51 ubuntu kernel: [    0.193206] pci 0000:00:10.0: [1000:0030] type 00 class 0x010000
May 13 03:43:51 ubuntu kernel: [    0.193962] pci 0000:00:10.0: reg 0x10: [io  0x1400-0x14ff]
May 13 03:43:51 ubuntu kernel: [    0.194651] pci 0000:00:10.0: reg 0x14: [mem 0xfeba0000-0xfebbffff 64bit]
May 13 03:43:51 ubuntu kernel: [    0.195350] pci 0000:00:10.0: reg 0x1c: [mem 0xfebc0000-0xfebdffff 64bit]
May 13 03:43:51 ubuntu kernel: [    0.196897] pci 0000:00:10.0: reg 0x30: [mem 0x00000000-0x00003fff pref]
May 13 03:43:51 ubuntu kernel: [    0.197217] pci 0000:00:11.0: [15ad:0790] type 01 class 0x060401
May 13 03:43:51 ubuntu kernel: [    0.197727] pci 0000:00:11.0: System wakeup disabled by ACPI
May 13 03:43:51 ubuntu kernel: [    0.197869] pci 0000:00:15.0: [15ad:07a0] type 01 class 0x060400
May 13 03:43:51 ubuntu kernel: [    0.198493] pci 0000:00:15.0: PME# supported from D0 D3hot D3cold
May 13 03:43:51 ubuntu kernel: [    0.198639] pci 0000:00:15.0: System wakeup disabled by ACPI
May 13 03:43:51 ubuntu kernel: [    0.198755] pci 0000:00:15.1: [15ad:07a0] type 01 class 0x060400
May 13 03:43:51 ubuntu kernel: [    0.199376] pci 0000:00:15.1: PME# supported from D0 D3hot D3cold
May 13 03:43:51 ubuntu kernel: [    0.199521] pci 0000:00:15.1: System wakeup disabled by ACPI
May 13 03:43:51 ubuntu kernel: [    0.199637] pci 0000:00:15.2: [15ad:07a0] type 01 class 0x060400
May 13 03:43:51 ubuntu kernel: [    0.200257] pci 0000:00:15.2: PME# supported from D0 D3hot D3cold
May 13 03:43:51 ubuntu kernel: [    0.200402] pci 0000:00:15.2: System wakeup disabled by ACPI
May 13 03:43:51 ubuntu kernel: [    0.200513] pci 0000:00:15.3: [15ad:07a0] type 01 class 0x060400
May 13 03:43:51 ubuntu kernel: [    0.201143] pci 0000:00:15.3: PME# supported from D0 D3hot D3cold
May 13 03:43:51 ubuntu kernel: [    0.201289] pci 0000:00:15.3: System wakeup disabled by ACPI
May 13 03:43:51 ubuntu kernel: [    0.201404] pci 0000:00:15.4: [15ad:07a0] type 01 class 0x060400
May 13 03:43:51 ubuntu kernel: [    0.202027] pci 0000:00:15.4: PME# supported from D0 D3hot D3cold
May 13 03:43:51 ubuntu kernel: [    0.202173] pci 0000:00:15.4: System wakeup disabled by ACPI
May 13 03:43:51 ubuntu kernel: [    0.202287] pci 0000:00:15.5: [15ad:07a0] type 01 class 0x060400
May 13 03:43:51 ubuntu kernel: [    0.203004] pci 0000:00:15.5: PME# supported from D0 D3hot D3cold
May 13 03:43:51 ubuntu kernel: [    0.203169] pci 0000:00:15.5: System wakeup disabled by ACPI
May 13 03:43:51 ubuntu kernel: [    0.203292] pci 0000:00:15.6: [15ad:07a0] type 01 class 0x060400
May 13 03:43:51 ubuntu kernel: [    0.203915] pci 0000:00:15.6: PME# supported from D0 D3hot D3cold
May 13 03:43:51 ubuntu kernel: [    0.204060] pci 0000:00:15.6: System wakeup disabled by ACPI
May 13 03:43:51 ubuntu kernel: [    0.204183] pci 0000:00:15.7: [15ad:07a0] type 01 class 0x060400
May 13 03:43:51 ubuntu kernel: [    0.204805] pci 0000:00:15.7: PME# supported from D0 D3hot D3cold
May 13 03:43:51 ubuntu kernel: [    0.204949] pci 0000:00:15.7: System wakeup disabled by ACPI
May 13 03:43:51 ubuntu kernel: [    0.205157] pci 0000:00:16.0: [15ad:07a0] type 01 class 0x060400
May 13 03:43:51 ubuntu kernel: [    0.205880] pci 0000:00:16.0: PME# supported from D0 D3hot D3cold
May 13 03:43:51 ubuntu kernel: [    0.206064] pci 0000:00:16.0: System wakeup disabled by ACPI
May 13 03:43:51 ubuntu kernel: [    0.206235] pci 0000:00:16.1: [15ad:07a0] type 01 class 0x060400
May 13 03:43:51 ubuntu kernel: [    0.206854] pci 0000:00:16.1: PME# supported from D0 D3hot D3cold
May 13 03:43:51 ubuntu kernel: [    0.207005] pci 0000:00:16.1: System wakeup disabled by ACPI
May 13 03:43:51 ubuntu kernel: [    0.207127] pci 0000:00:16.2: [15ad:07a0] type 01 class 0x060400
May 13 03:43:51 ubuntu kernel: [    0.207742] pci 0000:00:16.2: PME# supported from D0 D3hot D3cold
May 13 03:43:51 ubuntu kernel: [    0.207887] pci 0000:00:16.2: System wakeup disabled by ACPI
May 13 03:43:51 ubuntu kernel: [    0.208003] pci 0000:00:16.3: [15ad:07a0] type 01 class 0x060400
May 13 03:43:51 ubuntu kernel: [    0.208633] pci 0000:00:16.3: PME# supported from D0 D3hot D3cold
May 13 03:43:51 ubuntu kernel: [    0.208778] pci 0000:00:16.3: System wakeup disabled by ACPI
May 13 03:43:51 ubuntu kernel: [    0.208891] pci 0000:00:16.4: [15ad:07a0] type 01 class 0x060400
May 13 03:43:51 ubuntu kernel: [    0.209514] pci 0000:00:16.4: PME# supported from D0 D3hot D3cold
May 13 03:43:51 ubuntu kernel: [    0.209658] pci 0000:00:16.4: System wakeup disabled by ACPI
May 13 03:43:51 ubuntu kernel: [    0.209773] pci 0000:00:16.5: [15ad:07a0] type 01 class 0x060400
May 13 03:43:51 ubuntu kernel: [    0.210389] pci 0000:00:16.5: PME# supported from D0 D3hot D3cold
May 13 03:43:51 ubuntu kernel: [    0.210533] pci 0000:00:16.5: System wakeup disabled by ACPI
May 13 03:43:51 ubuntu kernel: [    0.210652] pci 0000:00:16.6: [15ad:07a0] type 01 class 0x060400
May 13 03:43:51 ubuntu kernel: [    0.211272] pci 0000:00:16.6: PME# supported from D0 D3hot D3cold
May 13 03:43:51 ubuntu kernel: [    0.211416] pci 0000:00:16.6: System wakeup disabled by ACPI
May 13 03:43:51 ubuntu kernel: [    0.211609] pci 0000:00:16.7: [15ad:07a0] type 01 class 0x060400
May 13 03:43:51 ubuntu kernel: [    0.212225] pci 0000:00:16.7: PME# supported from D0 D3hot D3cold
May 13 03:43:51 ubuntu kernel: [    0.212379] pci 0000:00:16.7: System wakeup disabled by ACPI
May 13 03:43:51 ubuntu kernel: [    0.212498] pci 0000:00:17.0: [15ad:07a0] type 01 class 0x060400
May 13 03:43:51 ubuntu kernel: [    0.213226] pci 0000:00:17.0: PME# supported from D0 D3hot D3cold
May 13 03:43:51 ubuntu kernel: [    0.213373] pci 0000:00:17.0: System wakeup disabled by ACPI
May 13 03:43:51 ubuntu kernel: [    0.213493] pci 0000:00:17.1: [15ad:07a0] type 01 class 0x060400
May 13 03:43:51 ubuntu kernel: [    0.214108] pci 0000:00:17.1: PME# supported from D0 D3hot D3cold
May 13 03:43:51 ubuntu kernel: [    0.214253] pci 0000:00:17.1: System wakeup disabled by ACPI
May 13 03:43:51 ubuntu kernel: [    0.214364] pci 0000:00:17.2: [15ad:07a0] type 01 class 0x060400
May 13 03:43:51 ubuntu kernel: [    0.214977] pci 0000:00:17.2: PME# supported from D0 D3hot D3cold
May 13 03:43:51 ubuntu kernel: [    0.215121] pci 0000:00:17.2: System wakeup disabled by ACPI
May 13 03:43:51 ubuntu kernel: [    0.215237] pci 0000:00:17.3: [15ad:07a0] type 01 class 0x060400
May 13 03:43:51 ubuntu kernel: [    0.215871] pci 0000:00:17.3: PME# supported from D0 D3hot D3cold
May 13 03:43:51 ubuntu kernel: [    0.216018] pci 0000:00:17.3: System wakeup disabled by ACPI
May 13 03:43:51 ubuntu kernel: [    0.216135] pci 0000:00:17.4: [15ad:07a0] type 01 class 0x060400
May 13 03:43:51 ubuntu kernel: [    0.216764] pci 0000:00:17.4: PME# supported from D0 D3hot D3cold
May 13 03:43:51 ubuntu kernel: [    0.216910] pci 0000:00:17.4: System wakeup disabled by ACPI
May 13 03:43:51 ubuntu kernel: [    0.217022] pci 0000:00:17.5: [15ad:07a0] type 01 class 0x060400
May 13 03:43:51 ubuntu kernel: [    0.217636] pci 0000:00:17.5: PME# supported from D0 D3hot D3cold
May 13 03:43:51 ubuntu kernel: [    0.217780] pci 0000:00:17.5: System wakeup disabled by ACPI
May 13 03:43:51 ubuntu kernel: [    0.217900] pci 0000:00:17.6: [15ad:07a0] type 01 class 0x060400
May 13 03:43:51 ubuntu kernel: [    0.218514] pci 0000:00:17.6: PME# supported from D0 D3hot D3cold
May 13 03:43:51 ubuntu kernel: [    0.218659] pci 0000:00:17.6: System wakeup disabled by ACPI
May 13 03:43:51 ubuntu kernel: [    0.218774] pci 0000:00:17.7: [15ad:07a0] type 01 class 0x060400
May 13 03:43:51 ubuntu kernel: [    0.219389] pci 0000:00:17.7: PME# supported from D0 D3hot D3cold
May 13 03:43:51 ubuntu kernel: [    0.219534] pci 0000:00:17.7: System wakeup disabled by ACPI
May 13 03:43:51 ubuntu kernel: [    0.219645] pci 0000:00:18.0: [15ad:07a0] type 01 class 0x060400
May 13 03:43:51 ubuntu kernel: [    0.220258] pci 0000:00:18.0: PME# supported from D0 D3hot D3cold
May 13 03:43:51 ubuntu kernel: [    0.220419] pci 0000:00:18.0: System wakeup disabled by ACPI
May 13 03:43:51 ubuntu kernel: [    0.220607] pci 0000:00:18.1: [15ad:07a0] type 01 class 0x060400
May 13 03:43:51 ubuntu kernel: [    0.221495] pci 0000:00:18.1: PME# supported from D0 D3hot D3cold
May 13 03:43:51 ubuntu kernel: [    0.221728] pci 0000:00:18.1: System wakeup disabled by ACPI
May 13 03:43:51 ubuntu kernel: [    0.221889] pci 0000:00:18.2: [15ad:07a0] type 01 class 0x060400
May 13 03:43:51 ubuntu kernel: [    0.222514] pci 0000:00:18.2: PME# supported from D0 D3hot D3cold
May 13 03:43:51 ubuntu kernel: [    0.222664] pci 0000:00:18.2: System wakeup disabled by ACPI
May 13 03:43:51 ubuntu kernel: [    0.222780] pci 0000:00:18.3: [15ad:07a0] type 01 class 0x060400
May 13 03:43:51 ubuntu kernel: [    0.223408] pci 0000:00:18.3: PME# supported from D0 D3hot D3cold
May 13 03:43:51 ubuntu kernel: [    0.223556] pci 0000:00:18.3: System wakeup disabled by ACPI
May 13 03:43:51 ubuntu kernel: [    0.223675] pci 0000:00:18.4: [15ad:07a0] type 01 class 0x060400
May 13 03:43:51 ubuntu kernel: [    0.224298] pci 0000:00:18.4: PME# supported from D0 D3hot D3cold
May 13 03:43:51 ubuntu kernel: [    0.224445] pci 0000:00:18.4: System wakeup disabled by ACPI
May 13 03:43:51 ubuntu kernel: [    0.224563] pci 0000:00:18.5: [15ad:07a0] type 01 class 0x060400
May 13 03:43:51 ubuntu kernel: [    0.225190] pci 0000:00:18.5: PME# supported from D0 D3hot D3cold
May 13 03:43:51 ubuntu kernel: [    0.225336] pci 0000:00:18.5: System wakeup disabled by ACPI
May 13 03:43:51 ubuntu kernel: [    0.225454] pci 0000:00:18.6: [15ad:07a0] type 01 class 0x060400
May 13 03:43:51 ubuntu kernel: [    0.226070] pci 0000:00:18.6: PME# supported from D0 D3hot D3cold
May 13 03:43:51 ubuntu kernel: [    0.226215] pci 0000:00:18.6: System wakeup disabled by ACPI
May 13 03:43:51 ubuntu kernel: [    0.226330] pci 0000:00:18.7: [15ad:07a0] type 01 class 0x060400
May 13 03:43:51 ubuntu kernel: [    0.226943] pci 0000:00:18.7: PME# supported from D0 D3hot D3cold
May 13 03:43:51 ubuntu kernel: [    0.227092] pci 0000:00:18.7: System wakeup disabled by ACPI
May 13 03:43:51 ubuntu kernel: [    0.227535] pci 0000:00:01.0: PCI bridge to [bus 01]
May 13 03:43:51 ubuntu kernel: [    0.227842] acpiphp: Slot [32] registered
May 13 03:43:51 ubuntu kernel: [    0.227863] acpiphp: Slot [33] registered
May 13 03:43:51 ubuntu kernel: [    0.227882] acpiphp: Slot [34] registered
May 13 03:43:51 ubuntu kernel: [    0.227900] acpiphp: Slot [35] registered
May 13 03:43:51 ubuntu kernel: [    0.227918] acpiphp: Slot [36] registered
May 13 03:43:51 ubuntu kernel: [    0.227941] acpiphp: Slot [37] registered
May 13 03:43:51 ubuntu kernel: [    0.227961] acpiphp: Slot [38] registered
May 13 03:43:51 ubuntu kernel: [    0.227979] acpiphp: Slot [39] registered
May 13 03:43:51 ubuntu kernel: [    0.227996] acpiphp: Slot [40] registered
May 13 03:43:51 ubuntu kernel: [    0.228031] acpiphp: Slot [41] registered
May 13 03:43:51 ubuntu kernel: [    0.228058] acpiphp: Slot [42] registered
May 13 03:43:51 ubuntu kernel: [    0.228086] acpiphp: Slot [43] registered
May 13 03:43:51 ubuntu kernel: [    0.228114] acpiphp: Slot [44] registered
May 13 03:43:51 ubuntu kernel: [    0.228142] acpiphp: Slot [45] registered
May 13 03:43:51 ubuntu kernel: [    0.228172] acpiphp: Slot [46] registered
May 13 03:43:51 ubuntu kernel: [    0.228207] acpiphp: Slot [47] registered
May 13 03:43:51 ubuntu kernel: [    0.228242] acpiphp: Slot [48] registered
May 13 03:43:51 ubuntu kernel: [    0.228277] acpiphp: Slot [49] registered
May 13 03:43:51 ubuntu kernel: [    0.228313] acpiphp: Slot [50] registered
May 13 03:43:51 ubuntu kernel: [    0.228353] acpiphp: Slot [51] registered
May 13 03:43:51 ubuntu kernel: [    0.228388] acpiphp: Slot [52] registered
May 13 03:43:51 ubuntu kernel: [    0.228423] acpiphp: Slot [53] registered
May 13 03:43:51 ubuntu kernel: [    0.228457] acpiphp: Slot [54] registered
May 13 03:43:51 ubuntu kernel: [    0.228493] acpiphp: Slot [55] registered
May 13 03:43:51 ubuntu kernel: [    0.228528] acpiphp: Slot [56] registered
May 13 03:43:51 ubuntu kernel: [    0.228563] acpiphp: Slot [57] registered
May 13 03:43:51 ubuntu kernel: [    0.228597] acpiphp: Slot [58] registered
May 13 03:43:51 ubuntu kernel: [    0.228642] acpiphp: Slot [59] registered
May 13 03:43:51 ubuntu kernel: [    0.228678] acpiphp: Slot [60] registered
May 13 03:43:51 ubuntu kernel: [    0.228713] acpiphp: Slot [61] registered
May 13 03:43:51 ubuntu kernel: [    0.228747] acpiphp: Slot [62] registered
May 13 03:43:51 ubuntu kernel: [    0.228781] acpiphp: Slot [63] registered
May 13 03:43:51 ubuntu kernel: [    0.228902] pci 0000:02:00.0: [15ad:0774] type 00 class 0x0c0300
May 13 03:43:51 ubuntu kernel: [    0.230999] pci 0000:02:00.0: reg 0x20: [io  0x2080-0x209f]
May 13 03:43:51 ubuntu kernel: [    0.231902] pci 0000:02:00.0: System wakeup disabled by ACPI
May 13 03:43:51 ubuntu kernel: [    0.232005] pci 0000:02:01.0: [8086:100f] type 00 class 0x020000
May 13 03:43:51 ubuntu kernel: [    0.232915] pci 0000:02:01.0: reg 0x10: [mem 0xfd5c0000-0xfd5dffff 64bit]
May 13 03:43:51 ubuntu kernel: [    0.233728] pci 0000:02:01.0: reg 0x18: [mem 0xfdff0000-0xfdffffff 64bit]
May 13 03:43:51 ubuntu kernel: [    0.234419] pci 0000:02:01.0: reg 0x20: [io  0x2000-0x203f]
May 13 03:43:51 ubuntu kernel: [    0.235852] pci 0000:02:01.0: reg 0x30: [mem 0x00000000-0x0000ffff pref]
May 13 03:43:51 ubuntu kernel: [    0.236148] pci 0000:02:01.0: System wakeup disabled by ACPI
May 13 03:43:51 ubuntu kernel: [    0.236237] pci 0000:02:02.0: [1274:1371] type 00 class 0x040100
May 13 03:43:51 ubuntu kernel: [    0.236584] pci 0000:02:02.0: reg 0x10: [io  0x2040-0x207f]
May 13 03:43:51 ubuntu kernel: [    0.238694] pci 0000:02:02.0: System wakeup disabled by ACPI
May 13 03:43:51 ubuntu kernel: [    0.238788] pci 0000:02:03.0: [15ad:0770] type 00 class 0x0c0320
May 13 03:43:51 ubuntu kernel: [    0.239219] pci 0000:02:03.0: reg 0x10: [mem 0xfd5ef000-0xfd5effff]
May 13 03:43:51 ubuntu kernel: [    0.241409] pci 0000:02:03.0: System wakeup disabled by ACPI
May 13 03:43:51 ubuntu kernel: [    0.241537] pci 0000:02:05.0: [15ad:07e0] type 00 class 0x010601
May 13 03:43:51 ubuntu kernel: [    0.243467] pci 0000:02:05.0: reg 0x24: [mem 0xfd5ee000-0xfd5eefff]
May 13 03:43:51 ubuntu kernel: [    0.243761] pci 0000:02:05.0: reg 0x30: [mem 0x00000000-0x0000ffff pref]
May 13 03:43:51 ubuntu kernel: [    0.244017] pci 0000:02:05.0: PME# supported from D3hot
May 13 03:43:51 ubuntu kernel: [    0.244137] pci 0000:02:05.0: System wakeup disabled by ACPI
May 13 03:43:51 ubuntu kernel: [    0.244395] pci 0000:00:11.0: PCI bridge to [bus 02] (subtractive decode)
May 13 03:43:51 ubuntu kernel: [    0.244416] pci 0000:00:11.0:   bridge window [io  0x2000-0x3fff]
May 13 03:43:51 ubuntu kernel: [    0.244435] pci 0000:00:11.0:   bridge window [mem 0xfd500000-0xfdffffff]
May 13 03:43:51 ubuntu kernel: [    0.244473] pci 0000:00:11.0:   bridge window [mem 0xe7b00000-0xe7ffffff 64bit pref]
May 13 03:43:51 ubuntu kernel: [    0.244474] pci 0000:00:11.0:   bridge window [mem 0x000a0000-0x000bffff window] (subtractive decode)
May 13 03:43:51 ubuntu kernel: [    0.244475] pci 0000:00:11.0:   bridge window [mem 0x000d0000-0x000d3fff window] (subtractive decode)
May 13 03:43:51 ubuntu kernel: [    0.244476] pci 0000:00:11.0:   bridge window [mem 0x000d4000-0x000d7fff window] (subtractive decode)
May 13 03:43:51 ubuntu kernel: [    0.244477] pci 0000:00:11.0:   bridge window [mem 0x000d8000-0x000dbfff window] (subtractive decode)
May 13 03:43:51 ubuntu kernel: [    0.244478] pci 0000:00:11.0:   bridge window [mem 0xc0000000-0xfebfffff window] (subtractive decode)
May 13 03:43:51 ubuntu kernel: [    0.244479] pci 0000:00:11.0:   bridge window [io  0x0000-0x0cf7 window] (subtractive decode)
May 13 03:43:51 ubuntu kernel: [    0.244482] pci 0000:00:11.0:   bridge window [io  0x0d00-0xfeff window] (subtractive decode)
May 13 03:43:51 ubuntu kernel: [    0.244793] pci 0000:00:15.0: PCI bridge to [bus 03]
May 13 03:43:51 ubuntu kernel: [    0.244813] pci 0000:00:15.0:   bridge window [io  0x4000-0x4fff]
May 13 03:43:51 ubuntu kernel: [    0.244832] pci 0000:00:15.0:   bridge window [mem 0xfd400000-0xfd4fffff]
May 13 03:43:51 ubuntu kernel: [    0.244869] pci 0000:00:15.0:   bridge window [mem 0xe7a00000-0xe7afffff 64bit pref]
May 13 03:43:51 ubuntu kernel: [    0.245168] pci 0000:00:15.1: PCI bridge to [bus 04]
May 13 03:43:51 ubuntu kernel: [    0.245186] pci 0000:00:15.1:   bridge window [io  0x8000-0x8fff]
May 13 03:43:51 ubuntu kernel: [    0.245206] pci 0000:00:15.1:   bridge window [mem 0xfd000000-0xfd0fffff]
May 13 03:43:51 ubuntu kernel: [    0.245242] pci 0000:00:15.1:   bridge window [mem 0xe7600000-0xe76fffff 64bit pref]
May 13 03:43:51 ubuntu kernel: [    0.245538] pci 0000:00:15.2: PCI bridge to [bus 05]
May 13 03:43:51 ubuntu kernel: [    0.245559] pci 0000:00:15.2:   bridge window [io  0xc000-0xcfff]
May 13 03:43:51 ubuntu kernel: [    0.245598] pci 0000:00:15.2:   bridge window [mem 0xfcc00000-0xfccfffff]
May 13 03:43:51 ubuntu kernel: [    0.245656] pci 0000:00:15.2:   bridge window [mem 0xe7200000-0xe72fffff 64bit pref]
May 13 03:43:51 ubuntu kernel: [    0.246455] pci 0000:00:15.3: PCI bridge to [bus 06]
May 13 03:43:51 ubuntu kernel: [    0.246527] pci 0000:00:15.3:   bridge window [mem 0xfc800000-0xfc8fffff]
May 13 03:43:51 ubuntu kernel: [    0.246597] pci 0000:00:15.3:   bridge window [mem 0xe6e00000-0xe6efffff 64bit pref]
May 13 03:43:51 ubuntu kernel: [    0.247157] pci 0000:00:15.4: PCI bridge to [bus 07]
May 13 03:43:51 ubuntu kernel: [    0.247227] pci 0000:00:15.4:   bridge window [mem 0xfc400000-0xfc4fffff]
May 13 03:43:51 ubuntu kernel: [    0.247297] pci 0000:00:15.4:   bridge window [mem 0xe6a00000-0xe6afffff 64bit pref]
May 13 03:43:51 ubuntu kernel: [    0.247840] pci 0000:00:15.5: PCI bridge to [bus 08]
May 13 03:43:51 ubuntu kernel: [    0.247910] pci 0000:00:15.5:   bridge window [mem 0xfc000000-0xfc0fffff]
May 13 03:43:51 ubuntu systemd[1]: Started udev Kernel Device Manager.
May 13 03:43:51 ubuntu systemd[1]: Starting Remount Root and Kernel File Systems...
May 13 03:43:51 ubuntu systemd[1]: Started Remount Root and Kernel File Systems.
May 13 03:43:51 ubuntu systemd[1]: Starting Flush Journal to Persistent Storage...
May 13 03:43:51 ubuntu systemd[1]: Reached target Local File Systems (Pre).
May 13 03:43:51 ubuntu systemd[1]: Starting udev Coldplug all Devices...
May 13 03:43:51 ubuntu systemd[1]: Starting Load/Save Random Seed...
May 13 03:43:51 ubuntu systemd[1]: Reached target Local File Systems.
May 13 03:43:51 ubuntu systemd[1]: Starting Commit a transient machine-id on disk...
May 13 03:43:51 ubuntu systemd[1]: Starting Set console keymap...
May 13 03:43:51 ubuntu systemd[1]: Starting LSB: AppArmor initialization...
May 13 03:43:51 ubuntu systemd[1]: Starting Tell Plymouth To Write Out Runtime Data...
May 13 03:43:51 ubuntu systemd[1]: Started Load/Save Random Seed.
May 13 03:43:51 ubuntu systemd[1]: Started Commit a transient machine-id on disk.
May 13 03:43:51 ubuntu systemd[1]: Started Tell Plymouth To Write Out Runtime Data.
May 13 03:43:51 ubuntu systemd[1]: Started Flush Journal to Persistent Storage.
May 13 03:43:51 ubuntu apparmor[379]:  * Starting AppArmor profiles
May 13 03:43:51 ubuntu loadkeys[378]: Loading /etc/console-setup/cached.kmap.gz
May 13 03:43:51 ubuntu systemd[1]: Started Set console keymap.
May 13 03:43:51 ubuntu systemd[1]: Starting Create Volatile Files and Directories...
May 13 03:43:51 ubuntu systemd-tmpfiles[421]: [/usr/lib/tmpfiles.d/var.conf:14] Duplicate line for path "/var/log", ignoring.
May 13 03:43:51 ubuntu systemd[1]: Started Create Volatile Files and Directories.
May 13 03:43:51 ubuntu systemd[1]: Starting Update UTMP about System Boot/Shutdown...
May 13 03:43:51 ubuntu systemd[1]: Starting Network Time Synchronization...
May 13 03:43:51 ubuntu systemd[1]: Started Update UTMP about System Boot/Shutdown.
May 13 03:43:51 ubuntu systemd[1]: Started Network Time Synchronization.
May 13 03:43:51 ubuntu systemd[1]: Reached target System Time Synchronized.
May 13 03:43:51 ubuntu systemd[1]: Started udev Coldplug all Devices.
May 13 03:43:51 ubuntu systemd[1]: Started Dispatch Password Requests to Console Directory Watch.
May 13 03:43:51 ubuntu apparmor[379]: Skipping profile in /etc/apparmor.d/disable: usr.sbin.rsyslogd
May 13 03:43:51 ubuntu apparmor[379]:    ...done.
May 13 03:43:51 ubuntu systemd[1]: Started LSB: AppArmor initialization.
May 13 03:43:51 ubuntu systemd[1]: Starting Raise network interfaces...
May 13 03:43:51 ubuntu systemd[1]: Started ifup for ens33.
May 13 03:43:51 ubuntu dhclient[471]: Internet Systems Consortium DHCP Client 4.3.3
May 13 03:43:51 ubuntu sh[463]: Internet Systems Consortium DHCP Client 4.3.3
May 13 03:43:51 ubuntu sh[463]: Copyright 2004-2015 Internet Systems Consortium.
May 13 03:43:51 ubuntu sh[463]: All rights reserved.
May 13 03:43:51 ubuntu sh[463]: For info, please visit https://www.isc.org/software/dhcp/
May 13 03:43:51 ubuntu dhclient[471]: Copyright 2004-2015 Internet Systems Consortium.
May 13 03:43:51 ubuntu dhclient[471]: All rights reserved.
May 13 03:43:51 ubuntu dhclient[471]: For info, please visit https://www.isc.org/software/dhcp/
May 13 03:43:51 ubuntu dhclient[471]: 
May 13 03:43:51 ubuntu systemd[1]: Found device 82545EM Gigabit Ethernet Controller (Copper) (PRO/1000 MT Single Port Adapter).
May 13 03:43:51 ubuntu dhclient[471]: Listening on LPF/ens33/00:0c:29:2f:ad:41
May 13 03:43:51 ubuntu sh[463]: Listening on LPF/ens33/00:0c:29:2f:ad:41
May 13 03:43:51 ubuntu dhclient[471]: Sending on   LPF/ens33/00:0c:29:2f:ad:41
May 13 03:43:51 ubuntu sh[463]: Sending on   LPF/ens33/00:0c:29:2f:ad:41
May 13 03:43:51 ubuntu dhclient[471]: Sending on   Socket/fallback
May 13 03:43:51 ubuntu sh[463]: Sending on   Socket/fallback
May 13 03:43:51 ubuntu dhclient[471]: DHCPDISCOVER on ens33 to 255.255.255.255 port 67 interval 3 (xid=0xea47b336)
May 13 03:43:51 ubuntu sh[463]: DHCPDISCOVER on ens33 to 255.255.255.255 port 67 interval 3 (xid=0xea47b336)
May 13 03:43:51 ubuntu systemd[1]: Found device VMware_Virtual_S 5.
May 13 03:43:51 ubuntu systemd[1]: Activating swap /dev/disk/by-uuid/c877ab85-b0f4-4e57-92a3-d9053b14f5d0...
May 13 03:43:51 ubuntu systemd[1]: Activated swap /dev/disk/by-uuid/c877ab85-b0f4-4e57-92a3-d9053b14f5d0.
May 13 03:43:51 ubuntu systemd[1]: Reached target Swap.
May 13 03:43:51 ubuntu systemd[1]: Reached target System Initialization.
May 13 03:43:51 ubuntu systemd[1]: Started Trigger resolvconf update for networkd DNS.
May 13 03:43:51 ubuntu systemd[1]: Reached target Paths.
May 13 03:43:51 ubuntu systemd[1]: apt-daily.timer: Adding 3h 43min 14.577518s random time.
May 13 03:43:51 ubuntu systemd[1]: Started Daily apt activities.
May 13 03:43:51 ubuntu systemd[1]: Started Daily Cleanup of Temporary Directories.
May 13 03:43:51 ubuntu systemd[1]: Reached target Timers.
May 13 03:43:51 ubuntu systemd[1]: Listening on D-Bus System Message Bus Socket.
May 13 03:43:51 ubuntu systemd[1]: Listening on UUID daemon activation socket.
May 13 03:43:51 ubuntu systemd[1]: Reached target Sockets.
May 13 03:43:51 ubuntu systemd[1]: Reached target Basic System.
May 13 03:43:51 ubuntu systemd[1]: Starting Permit User Sessions...
May 13 03:43:51 ubuntu systemd[1]: Starting Login Service...
May 13 03:43:51 ubuntu systemd[1]: Started Regular background program processing daemon.
May 13 03:43:51 ubuntu cron[510]: (CRON) INFO (pidfile fd = 3)
May 13 03:43:51 ubuntu systemd[1]: Started D-Bus System Message Bus.
May 13 03:43:51 ubuntu cron[510]: (CRON) INFO (Running @reboot jobs)
May 13 03:43:51 ubuntu dbus[514]: [system] AppArmor D-Bus mediation is enabled
May 13 03:43:51 ubuntu systemd[1]: Starting System Logging Service...
May 13 03:43:51 ubuntu systemd[1]: Starting LSB: Set the CPU Frequency Scaling governor to "ondemand"...
May 13 03:43:51 ubuntu systemd[1]: Starting Accounts Service...
May 13 03:43:51 ubuntu systemd[1]: Starting LSB: Record successful boot for GRUB...
May 13 03:43:51 ubuntu systemd[1]: Starting LSB: daemon to balance interrupts for SMP systems...
May 13 03:43:51 ubuntu systemd[1]: Started Permit User Sessions.
May 13 03:43:51 ubuntu systemd[1]: Started System Logging Service.
May 13 03:43:51 ubuntu kernel: [    0.247979] pci 0000:00:15.5:   bridge window [mem 0xe6600000-0xe66fffff 64bit pref]
May 13 03:43:51 ubuntu kernel: [    0.248518] pci 0000:00:15.6: PCI bridge to [bus 09]
May 13 03:43:51 ubuntu kernel: [    0.248588] pci 0000:00:15.6:   bridge window [mem 0xfbc00000-0xfbcfffff]
May 13 03:43:51 ubuntu kernel: [    0.248658] pci 0000:00:15.6:   bridge window [mem 0xe6200000-0xe62fffff 64bit pref]
May 13 03:43:51 ubuntu kernel: [    0.249211] pci 0000:00:15.7: PCI bridge to [bus 0a]
May 13 03:43:51 ubuntu kernel: [    0.249280] pci 0000:00:15.7:   bridge window [mem 0xfb800000-0xfb8fffff]
May 13 03:43:51 ubuntu kernel: [    0.249348] pci 0000:00:15.7:   bridge window [mem 0xe5e00000-0xe5efffff 64bit pref]
May 13 03:43:51 ubuntu kernel: [    0.249823] pci 0000:00:16.0: PCI bridge to [bus 0b]
May 13 03:43:51 ubuntu kernel: [    0.249844] pci 0000:00:16.0:   bridge window [io  0x5000-0x5fff]
May 13 03:43:51 ubuntu kernel: [    0.249866] pci 0000:00:16.0:   bridge window [mem 0xfd300000-0xfd3fffff]
May 13 03:43:51 ubuntu kernel: [    0.249906] pci 0000:00:16.0:   bridge window [mem 0xe7900000-0xe79fffff 64bit pref]
May 13 03:43:51 ubuntu kernel: [    0.250218] pci 0000:00:16.1: PCI bridge to [bus 0c]
May 13 03:43:51 ubuntu kernel: [    0.250239] pci 0000:00:16.1:   bridge window [io  0x9000-0x9fff]
May 13 03:43:51 ubuntu kernel: [    0.250260] pci 0000:00:16.1:   bridge window [mem 0xfcf00000-0xfcffffff]
May 13 03:43:51 ubuntu kernel: [    0.250300] pci 0000:00:16.1:   bridge window [mem 0xe7500000-0xe75fffff 64bit pref]
May 13 03:43:51 ubuntu kernel: [    0.250609] pci 0000:00:16.2: PCI bridge to [bus 0d]
May 13 03:43:51 ubuntu kernel: [    0.250631] pci 0000:00:16.2:   bridge window [io  0xd000-0xdfff]
May 13 03:43:51 ubuntu kernel: [    0.250652] pci 0000:00:16.2:   bridge window [mem 0xfcb00000-0xfcbfffff]
May 13 03:43:51 ubuntu kernel: [    0.250692] pci 0000:00:16.2:   bridge window [mem 0xe7100000-0xe71fffff 64bit pref]
May 13 03:43:51 ubuntu kernel: [    0.251006] pci 0000:00:16.3: PCI bridge to [bus 0e]
May 13 03:43:51 ubuntu kernel: [    0.251046] pci 0000:00:16.3:   bridge window [mem 0xfc700000-0xfc7fffff]
May 13 03:43:51 ubuntu kernel: [    0.251087] pci 0000:00:16.3:   bridge window [mem 0xe6d00000-0xe6dfffff 64bit pref]
May 13 03:43:51 ubuntu kernel: [    0.251398] pci 0000:00:16.4: PCI bridge to [bus 0f]
May 13 03:43:51 ubuntu kernel: [    0.251439] pci 0000:00:16.4:   bridge window [mem 0xfc300000-0xfc3fffff]
May 13 03:43:51 ubuntu kernel: [    0.251479] pci 0000:00:16.4:   bridge window [mem 0xe6900000-0xe69fffff 64bit pref]
May 13 03:43:51 ubuntu kernel: [    0.251789] pci 0000:00:16.5: PCI bridge to [bus 10]
May 13 03:43:51 ubuntu kernel: [    0.251830] pci 0000:00:16.5:   bridge window [mem 0xfbf00000-0xfbffffff]
May 13 03:43:51 ubuntu kernel: [    0.251870] pci 0000:00:16.5:   bridge window [mem 0xe6500000-0xe65fffff 64bit pref]
May 13 03:43:51 ubuntu kernel: [    0.252202] pci 0000:00:16.6: PCI bridge to [bus 11]
May 13 03:43:51 ubuntu kernel: [    0.252242] pci 0000:00:16.6:   bridge window [mem 0xfbb00000-0xfbbfffff]
May 13 03:43:51 ubuntu kernel: [    0.252283] pci 0000:00:16.6:   bridge window [mem 0xe6100000-0xe61fffff 64bit pref]
May 13 03:43:51 ubuntu kernel: [    0.252593] pci 0000:00:16.7: PCI bridge to [bus 12]
May 13 03:43:51 ubuntu kernel: [    0.252634] pci 0000:00:16.7:   bridge window [mem 0xfb700000-0xfb7fffff]
May 13 03:43:51 ubuntu kernel: [    0.252674] pci 0000:00:16.7:   bridge window [mem 0xe5d00000-0xe5dfffff 64bit pref]
May 13 03:43:51 ubuntu kernel: [    0.252990] pci 0000:00:17.0: PCI bridge to [bus 13]
May 13 03:43:51 ubuntu kernel: [    0.253011] pci 0000:00:17.0:   bridge window [io  0x6000-0x6fff]
May 13 03:43:51 ubuntu kernel: [    0.253032] pci 0000:00:17.0:   bridge window [mem 0xfd200000-0xfd2fffff]
May 13 03:43:51 ubuntu kernel: [    0.253072] pci 0000:00:17.0:   bridge window [mem 0xe7800000-0xe78fffff 64bit pref]
May 13 03:43:51 ubuntu kernel: [    0.253383] pci 0000:00:17.1: PCI bridge to [bus 14]
May 13 03:43:51 ubuntu kernel: [    0.253404] pci 0000:00:17.1:   bridge window [io  0xa000-0xafff]
May 13 03:43:51 ubuntu kernel: [    0.253425] pci 0000:00:17.1:   bridge window [mem 0xfce00000-0xfcefffff]
May 13 03:43:51 ubuntu kernel: [    0.253464] pci 0000:00:17.1:   bridge window [mem 0xe7400000-0xe74fffff 64bit pref]
May 13 03:43:51 ubuntu kernel: [    0.253775] pci 0000:00:17.2: PCI bridge to [bus 15]
May 13 03:43:51 ubuntu kernel: [    0.253796] pci 0000:00:17.2:   bridge window [io  0xe000-0xefff]
May 13 03:43:51 ubuntu kernel: [    0.253817] pci 0000:00:17.2:   bridge window [mem 0xfca00000-0xfcafffff]
May 13 03:43:51 ubuntu kernel: [    0.253856] pci 0000:00:17.2:   bridge window [mem 0xe7000000-0xe70fffff 64bit pref]
May 13 03:43:51 ubuntu kernel: [    0.254163] pci 0000:00:17.3: PCI bridge to [bus 16]
May 13 03:43:51 ubuntu kernel: [    0.254204] pci 0000:00:17.3:   bridge window [mem 0xfc600000-0xfc6fffff]
May 13 03:43:51 ubuntu kernel: [    0.254244] pci 0000:00:17.3:   bridge window [mem 0xe6c00000-0xe6cfffff 64bit pref]
May 13 03:43:51 ubuntu kernel: [    0.254564] pci 0000:00:17.4: PCI bridge to [bus 17]
May 13 03:43:51 ubuntu kernel: [    0.254604] pci 0000:00:17.4:   bridge window [mem 0xfc200000-0xfc2fffff]
May 13 03:43:51 ubuntu kernel: [    0.254643] pci 0000:00:17.4:   bridge window [mem 0xe6800000-0xe68fffff 64bit pref]
May 13 03:43:51 ubuntu kernel: [    0.254950] pci 0000:00:17.5: PCI bridge to [bus 18]
May 13 03:43:51 ubuntu kernel: [    0.254990] pci 0000:00:17.5:   bridge window [mem 0xfbe00000-0xfbefffff]
May 13 03:43:51 ubuntu kernel: [    0.255030] pci 0000:00:17.5:   bridge window [mem 0xe6400000-0xe64fffff 64bit pref]
May 13 03:43:51 ubuntu kernel: [    0.255341] pci 0000:00:17.6: PCI bridge to [bus 19]
May 13 03:43:51 ubuntu kernel: [    0.255381] pci 0000:00:17.6:   bridge window [mem 0xfba00000-0xfbafffff]
May 13 03:43:51 ubuntu kernel: [    0.255421] pci 0000:00:17.6:   bridge window [mem 0xe6000000-0xe60fffff 64bit pref]
May 13 03:43:51 ubuntu kernel: [    0.255736] pci 0000:00:17.7: PCI bridge to [bus 1a]
May 13 03:43:51 ubuntu kernel: [    0.255776] pci 0000:00:17.7:   bridge window [mem 0xfb600000-0xfb6fffff]
May 13 03:43:51 ubuntu kernel: [    0.255815] pci 0000:00:17.7:   bridge window [mem 0xe5c00000-0xe5cfffff 64bit pref]
May 13 03:43:51 ubuntu kernel: [    0.256123] pci 0000:00:18.0: PCI bridge to [bus 1b]
May 13 03:43:51 ubuntu kernel: [    0.256144] pci 0000:00:18.0:   bridge window [io  0x7000-0x7fff]
May 13 03:43:51 ubuntu kernel: [    0.256173] pci 0000:00:18.0:   bridge window [mem 0xfd100000-0xfd1fffff]
May 13 03:43:51 ubuntu kernel: [    0.256291] pci 0000:00:18.0:   bridge window [mem 0xe7700000-0xe77fffff 64bit pref]
May 13 03:43:51 ubuntu kernel: [    0.256655] pci 0000:00:18.1: PCI bridge to [bus 1c]
May 13 03:43:51 ubuntu kernel: [    0.256676] pci 0000:00:18.1:   bridge window [io  0xb000-0xbfff]
May 13 03:43:51 ubuntu kernel: [    0.256697] pci 0000:00:18.1:   bridge window [mem 0xfcd00000-0xfcdfffff]
May 13 03:43:51 ubuntu kernel: [    0.256736] pci 0000:00:18.1:   bridge window [mem 0xe7300000-0xe73fffff 64bit pref]
May 13 03:43:51 ubuntu kernel: [    0.257053] pci 0000:00:18.2: PCI bridge to [bus 1d]
May 13 03:43:51 ubuntu kernel: [    0.257092] pci 0000:00:18.2:   bridge window [mem 0xfc900000-0xfc9fffff]
May 13 03:43:51 ubuntu kernel: [    0.257130] pci 0000:00:18.2:   bridge window [mem 0xe6f00000-0xe6ffffff 64bit pref]
May 13 03:43:51 ubuntu kernel: [    0.257429] pci 0000:00:18.3: PCI bridge to [bus 1e]
May 13 03:43:51 ubuntu kernel: [    0.257467] pci 0000:00:18.3:   bridge window [mem 0xfc500000-0xfc5fffff]
May 13 03:43:51 ubuntu kernel: [    0.257506] pci 0000:00:18.3:   bridge window [mem 0xe6b00000-0xe6bfffff 64bit pref]
May 13 03:43:51 ubuntu kernel: [    0.257810] pci 0000:00:18.4: PCI bridge to [bus 1f]
May 13 03:43:51 ubuntu kernel: [    0.257849] pci 0000:00:18.4:   bridge window [mem 0xfc100000-0xfc1fffff]
May 13 03:43:51 ubuntu kernel: [    0.257887] pci 0000:00:18.4:   bridge window [mem 0xe6700000-0xe67fffff 64bit pref]
May 13 03:43:51 ubuntu kernel: [    0.258185] pci 0000:00:18.5: PCI bridge to [bus 20]
May 13 03:43:51 ubuntu kernel: [    0.258223] pci 0000:00:18.5:   bridge window [mem 0xfbd00000-0xfbdfffff]
May 13 03:43:51 ubuntu kernel: [    0.258262] pci 0000:00:18.5:   bridge window [mem 0xe6300000-0xe63fffff 64bit pref]
May 13 03:43:51 ubuntu kernel: [    0.258559] pci 0000:00:18.6: PCI bridge to [bus 21]
May 13 03:43:51 ubuntu kernel: [    0.258597] pci 0000:00:18.6:   bridge window [mem 0xfb900000-0xfb9fffff]
May 13 03:43:51 ubuntu kernel: [    0.258636] pci 0000:00:18.6:   bridge window [mem 0xe5f00000-0xe5ffffff 64bit pref]
May 13 03:43:51 ubuntu kernel: [    0.258937] pci 0000:00:18.7: PCI bridge to [bus 22]
May 13 03:43:51 ubuntu kernel: [    0.258975] pci 0000:00:18.7:   bridge window [mem 0xfb500000-0xfb5fffff]
May 13 03:43:51 ubuntu kernel: [    0.259014] pci 0000:00:18.7:   bridge window [mem 0xe5b00000-0xe5bfffff 64bit pref]
May 13 03:43:51 ubuntu kernel: [    0.261188] ACPI: PCI Interrupt Link [LNKA] (IRQs 3 4 5 6 7 *9 10 11 14 15)
May 13 03:43:51 ubuntu kernel: [    0.261257] ACPI: PCI Interrupt Link [LNKB] (IRQs 3 4 5 6 7 9 10 *11 14 15)
May 13 03:43:51 ubuntu kernel: [    0.261321] ACPI: PCI Interrupt Link [LNKC] (IRQs 3 4 5 6 7 9 *10 11 14 15)
May 13 03:43:51 ubuntu kernel: [    0.261385] ACPI: PCI Interrupt Link [LNKD] (IRQs 3 4 5 6 *7 9 10 11 14 15)
May 13 03:43:51 ubuntu kernel: [    0.272067] ACPI: Enabled 2 GPEs in block 00 to 0F
May 13 03:43:51 ubuntu kernel: [    0.272218] vgaarb: setting as boot device: PCI:0000:00:0f.0
May 13 03:43:51 ubuntu kernel: [    0.272220] vgaarb: device added: PCI:0000:00:0f.0,decodes=io+mem,owns=io+mem,locks=none
May 13 03:43:51 ubuntu kernel: [    0.272226] vgaarb: loaded
May 13 03:43:51 ubuntu kernel: [    0.272227] vgaarb: bridge control possible 0000:00:0f.0
May 13 03:43:51 ubuntu kernel: [    0.272410] SCSI subsystem initialized
May 13 03:43:51 ubuntu kernel: [    0.272468] libata version 3.00 loaded.
May 13 03:43:51 ubuntu kernel: [    0.272485] ACPI: bus type USB registered
May 13 03:43:51 ubuntu kernel: [    0.272499] usbcore: registered new interface driver usbfs
May 13 03:43:51 ubuntu kernel: [    0.272504] usbcore: registered new interface driver hub
May 13 03:43:51 ubuntu kernel: [    0.272521] usbcore: registered new device driver usb
May 13 03:43:51 ubuntu kernel: [    0.272648] PCI: Using ACPI for IRQ routing
May 13 03:43:51 ubuntu kernel: [    0.302512] PCI: pci_cache_line_size set to 64 bytes
May 13 03:43:51 ubuntu kernel: [    0.303446] e820: reserve RAM buffer [mem 0x0009e800-0x0009ffff]
May 13 03:43:51 ubuntu kernel: [    0.303449] e820: reserve RAM buffer [mem 0x3fee0000-0x3fffffff]
May 13 03:43:51 ubuntu kernel: [    0.303613] NetLabel: Initializing
May 13 03:43:51 ubuntu kernel: [    0.303614] NetLabel:  domain hash size = 128
May 13 03:43:51 ubuntu kernel: [    0.303615] NetLabel:  protocols = UNLABELED CIPSOv4
May 13 03:43:51 ubuntu kernel: [    0.303623] NetLabel:  unlabeled traffic allowed by default
May 13 03:43:51 ubuntu kernel: [    0.303763] hpet0: at MMIO 0xfed00000, IRQs 2, 8, 0, 0, 0, 0, 0, 0, 0, 0, 0, 0, 0, 0, 0, 0
May 13 03:43:51 ubuntu kernel: [    0.303768] hpet0: 16 comparators, 64-bit 14.318180 MHz counter
May 13 03:43:51 ubuntu kernel: [    0.305885] clocksource: Switched to clocksource hpet
May 13 03:43:51 ubuntu kernel: [    0.314093] AppArmor: AppArmor Filesystem Enabled
May 13 03:43:51 ubuntu kernel: [    0.314175] pnp: PnP ACPI init
May 13 03:43:51 ubuntu kernel: [    0.314465] system 00:00: [io  0x1000-0x103f] could not be reserved
May 13 03:43:51 ubuntu kernel: [    0.314468] system 00:00: [io  0x1040-0x104f] has been reserved
May 13 03:43:51 ubuntu kernel: [    0.314471] system 00:00: [io  0x0cf0-0x0cf1] has been reserved
May 13 03:43:51 ubuntu kernel: [    0.314476] system 00:00: Plug and Play ACPI device, IDs PNP0c02 (active)
May 13 03:43:51 ubuntu kernel: [    0.314511] pnp 00:01: Plug and Play ACPI device, IDs PNP0b00 (active)
May 13 03:43:51 ubuntu kernel: [    0.314543] pnp 00:02: Plug and Play ACPI device, IDs PNP0303 (active)
May 13 03:43:51 ubuntu kernel: [    0.314572] pnp 00:03: Plug and Play ACPI device, IDs VMW0003 PNP0f13 (active)
May 13 03:43:51 ubuntu kernel: [    0.314869] system 00:04: [mem 0xfed00000-0xfed003ff] has been reserved
May 13 03:43:51 ubuntu kernel: [    0.314872] system 00:04: Plug and Play ACPI device, IDs PNP0103 PNP0c01 (active)
May 13 03:43:51 ubuntu kernel: [    0.316237] pnp 00:05: Plug and Play ACPI device, IDs PNP0501 (active)
May 13 03:43:51 ubuntu kernel: [    0.316484] pnp 00:06: [dma 2]
May 13 03:43:51 ubuntu kernel: [    0.316510] pnp 00:06: Plug and Play ACPI device, IDs PNP0700 (active)
May 13 03:43:51 ubuntu kernel: [    0.316680] system 00:07: [io  0xfce0-0xfcff] has been reserved
May 13 03:43:51 ubuntu kernel: [    0.316683] system 00:07: [mem 0xf0000000-0xf7ffffff] has been reserved
May 13 03:43:51 ubuntu kernel: [    0.316685] system 00:07: [mem 0xfe800000-0xfe9fffff] has been reserved
May 13 03:43:51 ubuntu kernel: [    0.316687] system 00:07: Plug and Play ACPI device, IDs PNP0c02 (active)
May 13 03:43:51 ubuntu kernel: [    0.321790] pnp: PnP ACPI: found 8 devices
May 13 03:43:51 ubuntu kernel: [    0.327319] clocksource: acpi_pm: mask: 0xffffff max_cycles: 0xffffff, max_idle_ns: 2085701024 ns
May 13 03:43:51 ubuntu kernel: [    0.327652] pci 0000:00:15.3: bridge window [io  0x1000-0x0fff] to [bus 06] add_size 1000
May 13 03:43:51 ubuntu kernel: [    0.327707] pci 0000:00:15.4: bridge window [io  0x1000-0x0fff] to [bus 07] add_size 1000
May 13 03:43:51 ubuntu kernel: [    0.327761] pci 0000:00:15.5: bridge window [io  0x1000-0x0fff] to [bus 08] add_size 1000
May 13 03:43:51 ubuntu kernel: [    0.327815] pci 0000:00:15.6: bridge window [io  0x1000-0x0fff] to [bus 09] add_size 1000
May 13 03:43:51 ubuntu kernel: [    0.327870] pci 0000:00:15.7: bridge window [io  0x1000-0x0fff] to [bus 0a] add_size 1000
May 13 03:43:51 ubuntu kernel: [    0.328081] pci 0000:00:16.3: bridge window [io  0x1000-0x0fff] to [bus 0e] add_size 1000
May 13 03:43:51 ubuntu kernel: [    0.328135] pci 0000:00:16.4: bridge window [io  0x1000-0x0fff] to [bus 0f] add_size 1000
May 13 03:43:51 ubuntu kernel: [    0.328189] pci 0000:00:16.5: bridge window [io  0x1000-0x0fff] to [bus 10] add_size 1000
May 13 03:43:51 ubuntu kernel: [    0.328243] pci 0000:00:16.6: bridge window [io  0x1000-0x0fff] to [bus 11] add_size 1000
May 13 03:43:51 ubuntu kernel: [    0.328297] pci 0000:00:16.7: bridge window [io  0x1000-0x0fff] to [bus 12] add_size 1000
May 13 03:43:51 ubuntu kernel: [    0.328507] pci 0000:00:17.3: bridge window [io  0x1000-0x0fff] to [bus 16] add_size 1000
May 13 03:43:51 ubuntu kernel: [    0.328561] pci 0000:00:17.4: bridge window [io  0x1000-0x0fff] to [bus 17] add_size 1000
May 13 03:43:51 ubuntu kernel: [    0.328615] pci 0000:00:17.5: bridge window [io  0x1000-0x0fff] to [bus 18] add_size 1000
May 13 03:43:51 ubuntu kernel: [    0.328669] pci 0000:00:17.6: bridge window [io  0x1000-0x0fff] to [bus 19] add_size 1000
May 13 03:43:51 ubuntu kernel: [    0.328723] pci 0000:00:17.7: bridge window [io  0x1000-0x0fff] to [bus 1a] add_size 1000
May 13 03:43:51 ubuntu kernel: [    0.328882] pci 0000:00:18.2: bridge window [io  0x1000-0x0fff] to [bus 1d] add_size 1000
May 13 03:43:51 ubuntu kernel: [    0.328960] pci 0000:00:18.3: bridge window [io  0x1000-0x0fff] to [bus 1e] add_size 1000
May 13 03:43:51 ubuntu kernel: [    0.329017] pci 0000:00:18.4: bridge window [io  0x1000-0x0fff] to [bus 1f] add_size 1000
May 13 03:43:51 ubuntu kernel: [    0.329106] pci 0000:00:18.5: bridge window [io  0x1000-0x0fff] to [bus 20] add_size 1000
May 13 03:43:51 ubuntu kernel: [    0.329163] pci 0000:00:18.6: bridge window [io  0x1000-0x0fff] to [bus 21] add_size 1000
May 13 03:43:51 ubuntu kernel: [    0.329219] pci 0000:00:18.7: bridge window [io  0x1000-0x0fff] to [bus 22] add_size 1000
May 13 03:43:51 ubuntu kernel: [    0.329234] pci 0000:00:15.3: res[13]=[io  0x1000-0x0fff] res_to_dev_res add_size 1000 min_align 1000
May 13 03:43:51 ubuntu kernel: [    0.329235] pci 0000:00:15.3: res[13]=[io  0x1000-0x1fff] res_to_dev_res add_size 1000 min_align 1000
May 13 03:43:51 ubuntu kernel: [    0.329236] pci 0000:00:15.4: res[13]=[io  0x1000-0x0fff] res_to_dev_res add_size 1000 min_align 1000
May 13 03:43:51 ubuntu kernel: [    0.329237] pci 0000:00:15.4: res[13]=[io  0x1000-0x1fff] res_to_dev_res add_size 1000 min_align 1000
May 13 03:43:51 ubuntu kernel: [    0.329238] pci 0000:00:15.5: res[13]=[io  0x1000-0x0fff] res_to_dev_res add_size 1000 min_align 1000
May 13 03:43:51 ubuntu kernel: [    0.329239] pci 0000:00:15.5: res[13]=[io  0x1000-0x1fff] res_to_dev_res add_size 1000 min_align 1000
May 13 03:43:51 ubuntu kernel: [    0.329239] pci 0000:00:15.6: res[13]=[io  0x1000-0x0fff] res_to_dev_res add_size 1000 min_align 1000
May 13 03:43:51 ubuntu kernel: [    0.329240] pci 0000:00:15.6: res[13]=[io  0x1000-0x1fff] res_to_dev_res add_size 1000 min_align 1000
May 13 03:43:51 ubuntu kernel: [    0.329241] pci 0000:00:15.7: res[13]=[io  0x1000-0x0fff] res_to_dev_res add_size 1000 min_align 1000
May 13 03:43:51 ubuntu kernel: [    0.329242] pci 0000:00:15.7: res[13]=[io  0x1000-0x1fff] res_to_dev_res add_size 1000 min_align 1000
May 13 03:43:51 ubuntu kernel: [    0.329243] pci 0000:00:16.3: res[13]=[io  0x1000-0x0fff] res_to_dev_res add_size 1000 min_align 1000
May 13 03:43:51 ubuntu kernel: [    0.329244] pci 0000:00:16.3: res[13]=[io  0x1000-0x1fff] res_to_dev_res add_size 1000 min_align 1000
May 13 03:43:51 ubuntu kernel: [    0.329245] pci 0000:00:16.4: res[13]=[io  0x1000-0x0fff] res_to_dev_res add_size 1000 min_align 1000
May 13 03:43:51 ubuntu kernel: [    0.329246] pci 0000:00:16.4: res[13]=[io  0x1000-0x1fff] res_to_dev_res add_size 1000 min_align 1000
May 13 03:43:51 ubuntu kernel: [    0.329246] pci 0000:00:16.5: res[13]=[io  0x1000-0x0fff] res_to_dev_res add_size 1000 min_align 1000
May 13 03:43:51 ubuntu kernel: [    0.329247] pci 0000:00:16.5: res[13]=[io  0x1000-0x1fff] res_to_dev_res add_size 1000 min_align 1000
May 13 03:43:51 ubuntu kernel: [    0.329248] pci 0000:00:16.6: res[13]=[io  0x1000-0x0fff] res_to_dev_res add_size 1000 min_align 1000
May 13 03:43:51 ubuntu kernel: [    0.329249] pci 0000:00:16.6: res[13]=[io  0x1000-0x1fff] res_to_dev_res add_size 1000 min_align 1000
May 13 03:43:51 ubuntu kernel: [    0.329250] pci 0000:00:16.7: res[13]=[io  0x1000-0x0fff] res_to_dev_res add_size 1000 min_align 1000
May 13 03:43:51 ubuntu kernel: [    0.329251] pci 0000:00:16.7: res[13]=[io  0x1000-0x1fff] res_to_dev_res add_size 1000 min_align 1000
May 13 03:43:51 ubuntu kernel: [    0.329252] pci 0000:00:17.3: res[13]=[io  0x1000-0x0fff] res_to_dev_res add_size 1000 min_align 1000
May 13 03:43:51 ubuntu kernel: [    0.329253] pci 0000:00:17.3: res[13]=[io  0x1000-0x1fff] res_to_dev_res add_size 1000 min_align 1000
May 13 03:43:51 ubuntu kernel: [    0.329253] pci 0000:00:17.4: res[13]=[io  0x1000-0x0fff] res_to_dev_res add_size 1000 min_align 1000
May 13 03:43:51 ubuntu kernel: [    0.329254] pci 0000:00:17.4: res[13]=[io  0x1000-0x1fff] res_to_dev_res add_size 1000 min_align 1000
May 13 03:43:51 ubuntu kernel: [    0.329255] pci 0000:00:17.5: res[13]=[io  0x1000-0x0fff] res_to_dev_res add_size 1000 min_align 1000
May 13 03:43:51 ubuntu kernel: [    0.329256] pci 0000:00:17.5: res[13]=[io  0x1000-0x1fff] res_to_dev_res add_size 1000 min_align 1000
May 13 03:43:51 ubuntu kernel: [    0.329257] pci 0000:00:17.6: res[13]=[io  0x1000-0x0fff] res_to_dev_res add_size 1000 min_align 1000
May 13 03:43:51 ubuntu kernel: [    0.329258] pci 0000:00:17.6: res[13]=[io  0x1000-0x1fff] res_to_dev_res add_size 1000 min_align 1000
May 13 03:43:51 ubuntu kernel: [    0.329259] pci 0000:00:17.7: res[13]=[io  0x1000-0x0fff] res_to_dev_res add_size 1000 min_align 1000
May 13 03:43:51 ubuntu kernel: [    0.329259] pci 0000:00:17.7: res[13]=[io  0x1000-0x1fff] res_to_dev_res add_size 1000 min_align 1000
May 13 03:43:51 ubuntu kernel: [    0.329260] pci 0000:00:18.2: res[13]=[io  0x1000-0x0fff] res_to_dev_res add_size 1000 min_align 1000
May 13 03:43:51 ubuntu kernel: [    0.329261] pci 0000:00:18.2: res[13]=[io  0x1000-0x1fff] res_to_dev_res add_size 1000 min_align 1000
May 13 03:43:51 ubuntu kernel: [    0.329262] pci 0000:00:18.3: res[13]=[io  0x1000-0x0fff] res_to_dev_res add_size 1000 min_align 1000
May 13 03:43:51 ubuntu kernel: [    0.329263] pci 0000:00:18.3: res[13]=[io  0x1000-0x1fff] res_to_dev_res add_size 1000 min_align 1000
May 13 03:43:51 ubuntu kernel: [    0.329264] pci 0000:00:18.4: res[13]=[io  0x1000-0x0fff] res_to_dev_res add_size 1000 min_align 1000
May 13 03:43:51 ubuntu kernel: [    0.329265] pci 0000:00:18.4: res[13]=[io  0x1000-0x1fff] res_to_dev_res add_size 1000 min_align 1000
May 13 03:43:51 ubuntu kernel: [    0.329266] pci 0000:00:18.5: res[13]=[io  0x1000-0x0fff] res_to_dev_res add_size 1000 min_align 1000
May 13 03:43:51 ubuntu kernel: [    0.329267] pci 0000:00:18.5: res[13]=[io  0x1000-0x1fff] res_to_dev_res add_size 1000 min_align 1000
May 13 03:43:51 ubuntu kernel: [    0.329267] pci 0000:00:18.6: res[13]=[io  0x1000-0x0fff] res_to_dev_res add_size 1000 min_align 1000
May 13 03:43:51 ubuntu kernel: [    0.329268] pci 0000:00:18.6: res[13]=[io  0x1000-0x1fff] res_to_dev_res add_size 1000 min_align 1000
May 13 03:43:51 ubuntu kernel: [    0.329269] pci 0000:00:18.7: res[13]=[io  0x1000-0x0fff] res_to_dev_res add_size 1000 min_align 1000
May 13 03:43:51 ubuntu kernel: [    0.329270] pci 0000:00:18.7: res[13]=[io  0x1000-0x1fff] res_to_dev_res add_size 1000 min_align 1000
May 13 03:43:51 ubuntu kernel: [    0.329273] pci 0000:00:0f.0: BAR 6: assigned [mem 0xc0000000-0xc0007fff pref]
May 13 03:43:51 ubuntu kernel: [    0.329275] pci 0000:00:10.0: BAR 6: assigned [mem 0xc0008000-0xc000bfff pref]
May 13 03:43:51 ubuntu kernel: [    0.329278] pci 0000:00:15.3: BAR 13: no space for [io  size 0x1000]
May 13 03:43:51 ubuntu kernel: [    0.329279] pci 0000:00:15.3: BAR 13: failed to assign [io  size 0x1000]
May 13 03:43:51 ubuntu kernel: [    0.329280] pci 0000:00:15.4: BAR 13: no space for [io  size 0x1000]
May 13 03:43:51 ubuntu kernel: [    0.329281] pci 0000:00:15.4: BAR 13: failed to assign [io  size 0x1000]
May 13 03:43:51 ubuntu kernel: [    0.329282] pci 0000:00:15.5: BAR 13: no space for [io  size 0x1000]
May 13 03:43:51 ubuntu kernel: [    0.329283] pci 0000:00:15.5: BAR 13: failed to assign [io  size 0x1000]
May 13 03:43:51 ubuntu kernel: [    0.329284] pci 0000:00:15.6: BAR 13: no space for [io  size 0x1000]
May 13 03:43:51 ubuntu kernel: [    0.329285] pci 0000:00:15.6: BAR 13: failed to assign [io  size 0x1000]
May 13 03:43:51 ubuntu kernel: [    0.329286] pci 0000:00:15.7: BAR 13: no space for [io  size 0x1000]
May 13 03:43:51 ubuntu kernel: [    0.329287] pci 0000:00:15.7: BAR 13: failed to assign [io  size 0x1000]
May 13 03:43:51 ubuntu kernel: [    0.329288] pci 0000:00:16.3: BAR 13: no space for [io  size 0x1000]
May 13 03:43:51 ubuntu kernel: [    0.329289] pci 0000:00:16.3: BAR 13: failed to assign [io  size 0x1000]
May 13 03:43:51 ubuntu kernel: [    0.329290] pci 0000:00:16.4: BAR 13: no space for [io  size 0x1000]
May 13 03:43:51 ubuntu kernel: [    0.329291] pci 0000:00:16.4: BAR 13: failed to assign [io  size 0x1000]
May 13 03:43:51 ubuntu kernel: [    0.329292] pci 0000:00:16.5: BAR 13: no space for [io  size 0x1000]
May 13 03:43:51 ubuntu kernel: [    0.329293] pci 0000:00:16.5: BAR 13: failed to assign [io  size 0x1000]
May 13 03:43:51 ubuntu kernel: [    0.329294] pci 0000:00:16.6: BAR 13: no space for [io  size 0x1000]
May 13 03:43:51 ubuntu kernel: [    0.329295] pci 0000:00:16.6: BAR 13: failed to assign [io  size 0x1000]
